<html>
<body>
<pre>
<h1>µVision Build Log</h1>
<h2>Tool Versions:</h2>
IDE-Version: ¶ÃVision V5.27.1.0
Copyright (C) 2019 ARM Ltd and ARM Germany GmbH. All rights reserved.
License Information: 123 543, 5354, LIC=----
 
Tool Versions:
Toolchain:       MDK-Lite  Version: 5.27.1.0
Toolchain Path:  d:\Keil_v5\ARM\ARMCC\Bin
C Compiler:      Armcc.exe V5.06 update 6 (build 750)
Assembler:       Armasm.exe V5.06 update 6 (build 750)
Linker/Locator:  ArmLink.exe V5.06 update 6 (build 750)
Library Manager: ArmAr.exe V5.06 update 6 (build 750)
Hex Converter:   FromElf.exe V5.06 update 6 (build 750)
CPU DLL:         SARMCM3.DLL V5.27.1.0
Dialog DLL:      DARMCM1.DLL V1.19.2.0
Target DLL:      STLink\ST-LINKIII-KEIL_SWO.dll V3.0.6.0
Dialog DLL:      TARMCM1.DLL V1.14.1.0
 
<h2>Project:</h2>
C:\Users\Lenovo\Desktop\lorarang\loraproject\lora_ring\L051LoraRang - 2\MDK-ARM\L051LoraRang.uvprojx
Project File Date:  12/14/2021

<h2>Output:</h2>
*** Using Compiler 'V5.06 update 6 (build 750)', folder: 'd:\Keil_v5\ARM\ARMCC\Bin'
Build target 'L051LoraRang'
assembling startup_stm32l051xx.s...
compiling gpio.c...
compiling spi.c...
compiling rtc.c...
compiling adc.c...
compiling usart.c...
compiling main.c...
compiling main_app.c...
compiling stm32l0xx_hal_msp.c...
compiling stm32l0xx_it.c...
compiling stm32l0xx_hal_adc_ex.c...
compiling stm32l0xx_hal_timebase_tim.c...
compiling stm32l0xx_hal.c...
compiling stm32l0xx_hal_adc.c...
compiling stm32l0xx_hal_i2c.c...
compiling stm32l0xx_hal_i2c_ex.c...
compiling stm32l0xx_hal_flash.c...
compiling stm32l0xx_hal_flash_ramfunc.c...
compiling stm32l0xx_hal_rcc.c...
compiling stm32l0xx_hal_rcc_ex.c...
compiling stm32l0xx_hal_flash_ex.c...
compiling stm32l0xx_hal_gpio.c...
compiling stm32l0xx_hal_pwr.c...
compiling stm32l0xx_hal_dma.c...
compiling stm32l0xx_hal_cortex.c...
compiling stm32l0xx_hal_pwr_ex.c...
compiling stm32l0xx_hal_rtc_ex.c...
compiling stm32l0xx_hal_rtc.c...
compiling stm32l0xx_hal_spi.c...
compiling stm32l0xx_hal_uart_ex.c...
compiling stm32l0xx_hal_tim_ex.c...
compiling DEBUG_USART_HAL.c...
..\bsp\DEBUG_USART_HAL.c(9): warning:  #1-D: last line of file ends without a newline
  }
..\bsp\DEBUG_USART_HAL.c: 1 warning, 0 errors
compiling system_stm32l0xx.c...
compiling SX127X_Driver.c...
compiling stm32l0xx_hal_uart.c...
compiling stm32l0xx_hal_tim.c...
compiling sm4.c...
..\bsp\sm4.c(93): warning:  #9-D: nested comment is not allowed
   /* Sbox table: 8bits input convert to 8 bits output*/
..\bsp\sm4.c: 1 warning, 0 errors
compiling sm4_app.c...
compiling SX127X_Hal.c...
compiling speak_hal.c...
compiling bsp_EEPROM.c...
..\bsp\bsp_EEPROM.c(206): warning:  #177-D: function "I2C_InitGPIO"  was declared but never referenced
  static void I2C_InitGPIO(void)
..\bsp\bsp_EEPROM.c: 1 warning, 0 errors
compiling key_hal.c...
..\bsp\key_hal.c(64): warning:  #111-D: statement is unreachable
  			 break;
..\bsp\key_hal.c(67): warning:  #111-D: statement is unreachable
  			 break;
..\bsp\key_hal.c(70): warning:  #111-D: statement is unreachable
  			 break;
..\bsp\key_hal.c(76): warning:  #940-D: missing return statement at end of non-void function "scan_key" 
  }
..\bsp\key_hal.c(89): warning:  #223-D: function "printf" declared implicitly
  			    printf("1");
..\bsp\key_hal.c(123): warning:  #223-D: function "check_key_password" declared implicitly
  				        password_key_value =check_key_password();
..\bsp\key_hal.c(186): warning:  #223-D: function "sleep_init" declared implicitly
  			      sleep_init();
..\bsp\key_hal.c(193): warning:  #1-D: last line of file ends without a newline
  //
..\bsp\key_hal.c: 8 warnings, 0 errors
compiling adc_bat.c...
..\bsp\adc_bat.c(26): warning:  #223-D: function "sleep_init" declared implicitly
  					sleep_init();
..\bsp\adc_bat.c(47): warning:  #223-D: function "printf" declared implicitly
  	 printf("µ±«∞µÁ—π=%d\r\n",adc_temp);
..\bsp\adc_bat.c: 2 warnings, 0 errors
linking...
Program Size: Code=19480 RO-data=260 RW-data=120 ZI-data=4664  
FromELF: creating hex file...
"L051LoraRang\L051LoraRang.axf" - 0 Error(s), 13 Warning(s).

<h2>Software Packages used:</h2>

Package Vendor: ARM
                http://www.keil.com/pack/ARM.CMSIS.5.5.1.pack
                ARM.CMSIS.5.5.1
                CMSIS (Cortex Microcontroller Software Interface Standard)
   * Component: CORE Version: 5.2.0

Package Vendor: Keil
                http://www.keil.com/pack/Keil.STM32L0xx_DFP.2.0.1.pack
                Keil.STM32L0xx_DFP.2.0.1
                STMicroelectronics STM32L0 Series Device Support, Drivers and Examples

<h2>Collection of Component include folders:</h2>
  .\RTE\_L051LoraRang
  D:\keilpack\ARM\CMSIS\5.5.1\CMSIS\Core\Include
  D:\keilpack\Keil\STM32L0xx_DFP\2.0.1\Drivers\CMSIS\Device\ST\STM32L0xx\Include

<h2>Collection of Component Files used:</h2>

   * Component: ARM::CMSIS:CORE:5.2.0
Build Time Elapsed:  00:00:16
</pre>
</body>
</html>
