Component: ARM Compiler 5.06 update 6 (build 750) Tool: armlink [4d35ed]

==============================================================================

Section Cross References

    startup_stm32l051xx.o(RESET) refers to startup_stm32l051xx.o(STACK) for __initial_sp
    startup_stm32l051xx.o(RESET) refers to startup_stm32l051xx.o(.text) for Reset_Handler
    startup_stm32l051xx.o(RESET) refers to stm32l0xx_it.o(i.NMI_Handler) for NMI_Handler
    startup_stm32l051xx.o(RESET) refers to stm32l0xx_it.o(i.HardFault_Handler) for HardFault_Handler
    startup_stm32l051xx.o(RESET) refers to stm32l0xx_it.o(i.SVC_Handler) for SVC_Handler
    startup_stm32l051xx.o(RESET) refers to stm32l0xx_it.o(i.PendSV_Handler) for PendSV_Handler
    startup_stm32l051xx.o(RESET) refers to stm32l0xx_it.o(i.SysTick_Handler) for SysTick_Handler
    startup_stm32l051xx.o(RESET) refers to stm32l0xx_it.o(i.RTC_IRQHandler) for RTC_IRQHandler
    startup_stm32l051xx.o(RESET) refers to stm32l0xx_it.o(i.EXTI4_15_IRQHandler) for EXTI4_15_IRQHandler
    startup_stm32l051xx.o(RESET) refers to stm32l0xx_it.o(i.ADC1_COMP_IRQHandler) for ADC1_COMP_IRQHandler
    startup_stm32l051xx.o(RESET) refers to stm32l0xx_it.o(i.TIM2_IRQHandler) for TIM2_IRQHandler
    startup_stm32l051xx.o(.text) refers to system_stm32l0xx.o(i.SystemInit) for SystemInit
    startup_stm32l051xx.o(.text) refers to entry.o(.ARM.Collect$$$$00000000) for __main
    main_app.o(i.app_lora_config_init) refers to sx127x_driver.o(i.SX127X_Lora_init) for SX127X_Lora_init
    main_app.o(i.app_lora_config_init) refers to printf8.o(i.__0printf$8) for __2printf
    main_app.o(i.app_lora_config_init) refers to stm32l0xx_hal.o(i.HAL_Delay) for HAL_Delay
    main_app.o(i.app_lora_config_init) refers to main_app.o(.data) for .data
    main_app.o(i.app_lora_config_init) refers to sx127x_driver.o(.data) for G_LoRaConfig
    main_app.o(i.check_factory_parameter) refers to bsp_eeprom.o(i.EEPROM_ReadBytes) for EEPROM_ReadBytes
    main_app.o(i.check_factory_parameter) refers to printf8.o(i.__0printf$8) for __2printf
    main_app.o(i.check_factory_parameter) refers to main_app.o(.data) for .data
    main_app.o(i.check_key_password) refers to main_app.o(i.key_password_set) for key_password_set
    main_app.o(i.check_key_password) refers to stm32l0xx_hal.o(i.HAL_Delay) for HAL_Delay
    main_app.o(i.check_key_password) refers to speak_hal.o(i.Line_1A_WT588S) for Line_1A_WT588S
    main_app.o(i.check_key_password) refers to printf8.o(i.__0printf$8) for __2printf
    main_app.o(i.check_key_password) refers to main_app.o(.bss) for .bss
    main_app.o(i.check_key_password) refers to main_app.o(.data) for .data
    main_app.o(i.check_rung_state) refers to main_app.o(i.rang_runing) for rang_runing
    main_app.o(i.check_rung_state) refers to main_app.o(i.fangchai_runing) for fangchai_runing
    main_app.o(i.check_rung_state) refers to sx127x_driver.o(i.SX127X_StandbyMode) for SX127X_StandbyMode
    main_app.o(i.check_rung_state) refers to main_app.o(i.pin_pack) for pin_pack
    main_app.o(i.check_rung_state) refers to sx127x_driver.o(i.SX127X_TxPacket) for SX127X_TxPacket
    main_app.o(i.check_rung_state) refers to speak_hal.o(i.Line_1A_WT588S) for Line_1A_WT588S
    main_app.o(i.check_rung_state) refers to stm32l0xx_hal.o(i.HAL_Delay) for HAL_Delay
    main_app.o(i.check_rung_state) refers to printf8.o(i.__0printf$8) for __2printf
    main_app.o(i.check_rung_state) refers to stm32l0xx_hal_cortex.o(i.HAL_NVIC_SystemReset) for HAL_NVIC_SystemReset
    main_app.o(i.check_rung_state) refers to stm32l0xx_hal_gpio.o(i.HAL_GPIO_WritePin) for HAL_GPIO_WritePin
    main_app.o(i.check_rung_state) refers to main.o(i.sleep_open) for sleep_open
    main_app.o(i.check_rung_state) refers to main_app.o(.data) for .data
    main_app.o(i.check_rung_state) refers to main.o(.data) for password_key_value
    main_app.o(i.check_rung_state) refers to sx127x_driver.o(.data) for G_LoRaConfig
    main_app.o(i.check_rung_state) refers to main_app.o(.bss) for .bss
    main_app.o(i.check_vol_task) refers to sx127x_driver.o(i.SX127X_StandbyMode) for SX127X_StandbyMode
    main_app.o(i.check_vol_task) refers to main_app.o(i.pin_pack) for pin_pack
    main_app.o(i.check_vol_task) refers to printf8.o(i.__0printf$8) for __2printf
    main_app.o(i.check_vol_task) refers to sx127x_driver.o(i.SX127X_TxPacket) for SX127X_TxPacket
    main_app.o(i.check_vol_task) refers to stm32l0xx_hal.o(i.HAL_Delay) for HAL_Delay
    main_app.o(i.check_vol_task) refers to main.o(i.sleep_open) for sleep_open
    main_app.o(i.check_vol_task) refers to adc_bat.o(.data) for vol_conv_flag
    main_app.o(i.check_vol_task) refers to main_app.o(.data) for .data
    main_app.o(i.check_vol_task) refers to sx127x_driver.o(.data) for G_LoRaConfig
    main_app.o(i.check_vol_task) refers to main_app.o(.bss) for .bss
    main_app.o(i.chuchang_lora_process) refers to sx127x_driver.o(i.DIO0_GetState) for DIO0_GetState
[...]
    ..\Src\gpio.c                            0x00000000   Number         0  gpio.o ABSOLUTE
    ..\Src\main.c                            0x00000000   Number         0  main.o ABSOLUTE
    ..\Src\main_app.c                        0x00000000   Number         0  main_app.o ABSOLUTE
    ..\Src\rtc.c                             0x00000000   Number         0  rtc.o ABSOLUTE
    ..\Src\spi.c                             0x00000000   Number         0  spi.o ABSOLUTE
    ..\Src\stm32l0xx_hal_msp.c               0x00000000   Number         0  stm32l0xx_hal_msp.o ABSOLUTE
    ..\Src\stm32l0xx_hal_timebase_tim.c      0x00000000   Number         0  stm32l0xx_hal_timebase_tim.o ABSOLUTE
    ..\Src\stm32l0xx_it.c                    0x00000000   Number         0  stm32l0xx_it.o ABSOLUTE
    ..\Src\system_stm32l0xx.c                0x00000000   Number         0  system_stm32l0xx.o ABSOLUTE
    ..\Src\usart.c                           0x00000000   Number         0  usart.o ABSOLUTE
    ..\\Src\\main_app.c                      0x00000000   Number         0  main_app.o ABSOLUTE
    ..\\bsp\\DEBUG_USART_HAL.c               0x00000000   Number         0  debug_usart_hal.o ABSOLUTE
    ..\\bsp\\SX127X_Driver.c                 0x00000000   Number         0  sx127x_driver.o ABSOLUTE
    ..\\bsp\\SX127X_Hal.c                    0x00000000   Number         0  sx127x_hal.o ABSOLUTE
    ..\\bsp\\adc_bat.c                       0x00000000   Number         0  adc_bat.o ABSOLUTE
    ..\\bsp\\bsp_EEPROM.c                    0x00000000   Number         0  bsp_eeprom.o ABSOLUTE
    ..\\bsp\\key_hal.c                       0x00000000   Number         0  key_hal.o ABSOLUTE
    ..\\bsp\\speak_hal.c                     0x00000000   Number         0  speak_hal.o ABSOLUTE
    ..\bsp\DEBUG_USART_HAL.c                 0x00000000   Number         0  debug_usart_hal.o ABSOLUTE
    ..\bsp\SX127X_Driver.c                   0x00000000   Number         0  sx127x_driver.o ABSOLUTE
    ..\bsp\SX127X_Hal.c                      0x00000000   Number         0  sx127x_hal.o ABSOLUTE
    ..\bsp\adc_bat.c                         0x00000000   Number         0  adc_bat.o ABSOLUTE
    ..\bsp\bsp_EEPROM.c                      0x00000000   Number         0  bsp_eeprom.o ABSOLUTE
    ..\bsp\key_hal.c                         0x00000000   Number         0  key_hal.o ABSOLUTE
    ..\bsp\sm4.c                             0x00000000   Number         0  sm4.o ABSOLUTE
    ..\bsp\sm4_app.c                         0x00000000   Number         0  sm4_app.o ABSOLUTE
    ..\bsp\speak_hal.c                       0x00000000   Number         0  speak_hal.o ABSOLUTE
    cdrcmple.s                               0x00000000   Number         0  cdrcmple.o ABSOLUTE
    dc.s                                     0x00000000   Number         0  dc.o ABSOLUTE
    handlers.s                               0x00000000   Number         0  handlers.o ABSOLUTE
    init.s                                   0x00000000   Number         0  init.o ABSOLUTE
    startup_stm32l051xx.s                    0x00000000   Number         0  startup_stm32l051xx.o ABSOLUTE
    RESET                                    0x08000000   Section      192  startup_stm32l051xx.o(RESET)
    .ARM.Collect$$$$00000000                 0x080000c0   Section        0  entry.o(.ARM.Collect$$$$00000000)
    .ARM.Collect$$$$00000001                 0x080000c0   Section        4  entry2.o(.ARM.Collect$$$$00000001)
    .ARM.Collect$$$$00000004                 0x080000c4   Section        4  entry5.o(.ARM.Collect$$$$00000004)
    .ARM.Collect$$$$00000008                 0x080000c8   Section        0  entry7b.o(.ARM.Collect$$$$00000008)
    .ARM.Collect$$$$0000000A                 0x080000c8   Section        0  entry8b.o(.ARM.Collect$$$$0000000A)
    .ARM.Collect$$$$0000000B                 0x080000c8   Section        8  entry9a.o(.ARM.Collect$$$$0000000B)
    .ARM.Collect$$$$0000000D                 0x080000d0   Section        0  entry10a.o(.ARM.Collect$$$$0000000D)
    .ARM.Collect$$$$0000000F                 0x080000d0   Section        0  entry11a.o(.ARM.Collect$$$$0000000F)
    .ARM.Collect$$$$00002712                 0x080000d0   Section        4  entry2.o(.ARM.Collect$$$$00002712)
    __lit__00000000                          0x080000d0   Data           4  entry2.o(.ARM.Collect$$$$00002712)
    .text                                    0x080000d4   Section       28  startup_stm32l051xx.o(.text)
    .text                                    0x080000f0   Section        0  uidiv.o(.text)
    .text                                    0x0800011c   Section        0  uldiv.o(.text)
    .text                                    0x0800017c   Section        0  memseta.o(.text)
    .text                                    0x080001a0   Section        0  strlen.o(.text)
    .text                                    0x080001ae   Section        0  fdiv.o(.text)
    .text                                    0x0800022a   Section        0  fscalb.o(.text)
    .text                                    0x08000244   Section        0  dadd.o(.text)
    .text                                    0x080003a8   Section        0  dmul.o(.text)
    .text                                    0x08000478   Section        0  ddiv.o(.text)
    .text                                    0x08000568   Section        0  fflti.o(.text)
    .text                                    0x0800057e   Section        0  ffltui.o(.text)
    .text                                    0x0800058c   Section        0  dfltui.o(.text)
    .text                                    0x080005a8   Section        0  ffixui.o(.text)
    .text                                    0x080005d0   Section        0  dfixui.o(.text)
    .text                                    0x0800060c   Section        0  f2d.o(.text)
    .text                                    0x08000634   Section        0  d2f.o(.text)
    .text                                    0x0800066c   Section        0  llshl.o(.text)
    .text                                    0x0800068c   Section        0  llushr.o(.text)
    .text                                    0x080006ae   Section        0  llsshr.o(.text)
    .text                                    0x080006d4   Section        0  fepilogue.o(.text)
    .text                                    0x080006d4   Section        0  iusefp.o(.text)
    .text                                    0x08000756   Section        0  depilogue.o(.text)
    .text                                    0x08000814   Section       36  init.o(.text)
    i.ADC1_COMP_IRQHandler                   0x08000838   Section        0  stm32l0xx_it.o(i.ADC1_COMP_IRQHandler)
    i.ADC_ConversionStop                     0x08000848   Section        0  stm32l0xx_hal_adc.o(i.ADC_ConversionStop)
    ADC_ConversionStop                       0x08000849   Thumb Code    82  stm32l0xx_hal_adc.o(i.ADC_ConversionStop)
    i.ADC_DelayMicroSecond                   0x0800089c   Section        0  stm32l0xx_hal_adc.o(i.ADC_DelayMicroSecond)
    ADC_DelayMicroSecond                     0x0800089d   Thumb Code    28  stm32l0xx_hal_adc.o(i.ADC_DelayMicroSecond)
    i.ADC_Disable                            0x080008c0   Section        0  stm32l0xx_hal_adc.o(i.ADC_Disable)
    ADC_Disable                              0x080008c1   Thumb Code    96  stm32l0xx_hal_adc.o(i.ADC_Disable)
    i.ADC_Enable                             0x08000920   Section        0  stm32l0xx_hal_adc.o(i.ADC_Enable)
    ADC_Enable                               0x08000921   Thumb Code    96  stm32l0xx_hal_adc.o(i.ADC_Enable)
    i.DIO0_GetState                          0x08000984   Section        0  sx127x_driver.o(i.DIO0_GetState)
    i.EEPROM_ReadBytes                       0x0800098c   Section        0  bsp_eeprom.o(i.EEPROM_ReadBytes)
    i.EEPROM_WriteBytes                      0x080009f8   Section        0  bsp_eeprom.o(i.EEPROM_WriteBytes)
    i.EXTI4_15_IRQHandler                    0x08000a70   Section        0  stm32l0xx_it.o(i.EXTI4_15_IRQHandler)
    i.Error_Handler                          0x08000a9c   Section        0  main.o(i.Error_Handler)
    i.HAL_ADC_ConfigChannel                  0x08000aa0   Section        0  stm32l0xx_hal_adc.o(i.HAL_ADC_ConfigChannel)
    i.HAL_ADC_ConvCpltCallback               0x08000b34   Section        0  adc_bat.o(i.HAL_ADC_ConvCpltCallback)
    i.HAL_ADC_DeInit                         0x08000bac   Section        0  stm32l0xx_hal_adc.o(i.HAL_ADC_DeInit)
    i.HAL_ADC_ErrorCallback                  0x08000c60   Section        0  stm32l0xx_hal_adc.o(i.HAL_ADC_ErrorCallback)
    i.HAL_ADC_GetValue                       0x08000c62   Section        0  stm32l0xx_hal_adc.o(i.HAL_ADC_GetValue)
    i.HAL_ADC_IRQHandler                     0x08000c68   Section        0  stm32l0xx_hal_adc.o(i.HAL_ADC_IRQHandler)
    i.HAL_ADC_Init                           0x08000d40   Section        0  stm32l0xx_hal_adc.o(i.HAL_ADC_Init)
    i.HAL_ADC_LevelOutOfWindowCallback       0x08000f08   Section        0  stm32l0xx_hal_adc.o(i.HAL_ADC_LevelOutOfWindowCallback)
    i.HAL_ADC_MspDeInit                      0x08000f0c   Section        0  adc.o(i.HAL_ADC_MspDeInit)
    i.HAL_ADC_MspInit                        0x08000f3c   Section        0  adc.o(i.HAL_ADC_MspInit)
    i.HAL_ADC_Start_IT                       0x08000f8c   Section        0  stm32l0xx_hal_adc.o(i.HAL_ADC_Start_IT)
    i.HAL_Delay                              0x08001008   Section        0  stm32l0xx_hal.o(i.HAL_Delay)
    i.HAL_GPIO_DeInit                        0x08001024   Section        0  stm32l0xx_hal_gpio.o(i.HAL_GPIO_DeInit)
    i.HAL_GPIO_EXTI_Callback                 0x08001108   Section        0  key_hal.o(i.HAL_GPIO_EXTI_Callback)
    i.HAL_GPIO_EXTI_IRQHandler               0x080012a4   Section        0  stm32l0xx_hal_gpio.o(i.HAL_GPIO_EXTI_IRQHandler)
    i.HAL_GPIO_Init                          0x080012bc   Section        0  stm32l0xx_hal_gpio.o(i.HAL_GPIO_Init)
    i.HAL_GPIO_ReadPin                       0x08001434   Section        0  stm32l0xx_hal_gpio.o(i.HAL_GPIO_ReadPin)
    i.HAL_GPIO_TogglePin                     0x0800143e   Section        0  stm32l0xx_hal_gpio.o(i.HAL_GPIO_TogglePin)
    i.HAL_GPIO_WritePin                      0x08001446   Section        0  stm32l0xx_hal_gpio.o(i.HAL_GPIO_WritePin)
    i.HAL_GetTick                            0x08001454   Section        0  stm32l0xx_hal.o(i.HAL_GetTick)
    i.HAL_IncTick                            0x08001460   Section        0  stm32l0xx_hal.o(i.HAL_IncTick)
    i.HAL_Init                               0x08001470   Section        0  stm32l0xx_hal.o(i.HAL_Init)
    i.HAL_InitTick                           0x08001498   Section        0  stm32l0xx_hal_timebase_tim.o(i.HAL_InitTick)
    i.HAL_MspInit                            0x08001508   Section        0  stm32l0xx_hal_msp.o(i.HAL_MspInit)
    i.HAL_NVIC_DisableIRQ                    0x08001520   Section        0  stm32l0xx_hal_cortex.o(i.HAL_NVIC_DisableIRQ)
    i.HAL_NVIC_EnableIRQ                     0x08001534   Section        0  stm32l0xx_hal_cortex.o(i.HAL_NVIC_EnableIRQ)
    i.HAL_NVIC_SetPriority                   0x08001548   Section        0  stm32l0xx_hal_cortex.o(i.HAL_NVIC_SetPriority)
    i.HAL_NVIC_SystemReset                   0x08001550   Section        0  stm32l0xx_hal_cortex.o(i.HAL_NVIC_SystemReset)
    i.HAL_PWREx_EnableFastWakeUp             0x0800156c   Section        0  stm32l0xx_hal_pwr_ex.o(i.HAL_PWREx_EnableFastWakeUp)
    i.HAL_PWREx_EnableUltraLowPower          0x0800157c   Section        0  stm32l0xx_hal_pwr_ex.o(i.HAL_PWREx_EnableUltraLowPower)
    i.HAL_PWR_EnterSTOPMode                  0x0800158c   Section        0  stm32l0xx_hal_pwr.o(i.HAL_PWR_EnterSTOPMode)
    i.HAL_RCCEx_PeriphCLKConfig              0x080015c0   Section        0  stm32l0xx_hal_rcc_ex.o(i.HAL_RCCEx_PeriphCLKConfig)
    i.HAL_RCC_CSSCallback                    0x08001724   Section        0  stm32l0xx_hal_rcc.o(i.HAL_RCC_CSSCallback)
    i.HAL_RCC_ClockConfig                    0x08001728   Section        0  stm32l0xx_hal_rcc.o(i.HAL_RCC_ClockConfig)
    i.HAL_RCC_EnableCSS                      0x08001894   Section        0  stm32l0xx_hal_rcc.o(i.HAL_RCC_EnableCSS)
    i.HAL_RCC_GetClockConfig                 0x080018a8   Section        0  stm32l0xx_hal_rcc.o(i.HAL_RCC_GetClockConfig)
    i.HAL_RCC_GetPCLK1Freq                   0x080018e8   Section        0  stm32l0xx_hal_rcc.o(i.HAL_RCC_GetPCLK1Freq)
    i.HAL_RCC_GetPCLK2Freq                   0x08001908   Section        0  stm32l0xx_hal_rcc.o(i.HAL_RCC_GetPCLK2Freq)
    i.HAL_RCC_GetSysClockFreq                0x08001928   Section        0  stm32l0xx_hal_rcc.o(i.HAL_RCC_GetSysClockFreq)
    i.HAL_RCC_NMI_IRQHandler                 0x080019a0   Section        0  stm32l0xx_hal_rcc.o(i.HAL_RCC_NMI_IRQHandler)
    i.HAL_RCC_OscConfig                      0x080019b8   Section        0  stm32l0xx_hal_rcc.o(i.HAL_RCC_OscConfig)
    i.HAL_RTCEx_SetWakeUpTimer_IT            0x08001dd4   Section        0  stm32l0xx_hal_rtc_ex.o(i.HAL_RTCEx_SetWakeUpTimer_IT)
    i.HAL_RTCEx_WakeUpTimerEventCallback     0x08001ecc   Section        0  adc_bat.o(i.HAL_RTCEx_WakeUpTimerEventCallback)
    i.HAL_RTCEx_WakeUpTimerIRQHandler        0x08001ef0   Section        0  stm32l0xx_hal_rtc_ex.o(i.HAL_RTCEx_WakeUpTimerIRQHandler)
    i.HAL_RTC_Init                           0x08001f28   Section        0  stm32l0xx_hal_rtc.o(i.HAL_RTC_Init)
    i.HAL_RTC_MspInit                        0x08001fe4   Section        0  rtc.o(i.HAL_RTC_MspInit)
    i.HAL_RTC_WaitForSynchro                 0x08002004   Section        0  stm32l0xx_hal_rtc.o(i.HAL_RTC_WaitForSynchro)
    i.HAL_SPI_DeInit                         0x08002038   Section        0  stm32l0xx_hal_spi.o(i.HAL_SPI_DeInit)
    i.HAL_SPI_Init                           0x08002068   Section        0  stm32l0xx_hal_spi.o(i.HAL_SPI_Init)
    i.HAL_SPI_MspDeInit                      0x080020e8   Section        0  spi.o(i.HAL_SPI_MspDeInit)
    i.HAL_SPI_MspInit                        0x08002110   Section        0  spi.o(i.HAL_SPI_MspInit)
    i.HAL_SPI_TransmitReceive                0x08002168   Section        0  stm32l0xx_hal_spi.o(i.HAL_SPI_TransmitReceive)
    i.HAL_TIM_Base_Init                      0x08002358   Section        0  stm32l0xx_hal_tim.o(i.HAL_TIM_Base_Init)
    i.HAL_TIM_Base_MspInit                   0x0800238c   Section        0  stm32l0xx_hal_tim.o(i.HAL_TIM_Base_MspInit)
    i.HAL_TIM_Base_Start_IT                  0x0800238e   Section        0  stm32l0xx_hal_tim.o(i.HAL_TIM_Base_Start_IT)
    i.HAL_TIM_IC_CaptureCallback             0x080023ae   Section        0  stm32l0xx_hal_tim.o(i.HAL_TIM_IC_CaptureCallback)
    i.HAL_TIM_IRQHandler                     0x080023b0   Section        0  stm32l0xx_hal_tim.o(i.HAL_TIM_IRQHandler)
    i.HAL_TIM_OC_DelayElapsedCallback        0x080024d6   Section        0  stm32l0xx_hal_tim.o(i.HAL_TIM_OC_DelayElapsedCallback)
    i.HAL_TIM_PWM_PulseFinishedCallback      0x080024d8   Section        0  stm32l0xx_hal_tim.o(i.HAL_TIM_PWM_PulseFinishedCallback)
    i.HAL_TIM_PeriodElapsedCallback          0x080024da   Section        0  main.o(i.HAL_TIM_PeriodElapsedCallback)
    i.HAL_TIM_TriggerCallback                0x080024ec   Section        0  stm32l0xx_hal_tim.o(i.HAL_TIM_TriggerCallback)
    i.HAL_UART_DeInit                        0x080024ee   Section        0  stm32l0xx_hal_uart.o(i.HAL_UART_DeInit)
    i.HAL_UART_Init                          0x08002528   Section        0  stm32l0xx_hal_uart.o(i.HAL_UART_Init)
    i.HAL_UART_MspDeInit                     0x08002594   Section        0  usart.o(i.HAL_UART_MspDeInit)
    i.HAL_UART_MspInit                       0x080025c0   Section        0  usart.o(i.HAL_UART_MspInit)
    i.HAL_UART_Transmit                      0x08002618   Section        0  stm32l0xx_hal_uart.o(i.HAL_UART_Transmit)
    i.HardFault_Handler                      0x080026e6   Section        0  stm32l0xx_it.o(i.HardFault_Handler)
    i.I2C_Ack                                0x080026e8   Section        0  bsp_eeprom.o(i.I2C_Ack)
    i.I2C_Delay                              0x0800272c   Section        0  bsp_eeprom.o(i.I2C_Delay)
    I2C_Delay                                0x0800272d   Thumb Code    12  bsp_eeprom.o(i.I2C_Delay)
    i.I2C_NAck                               0x08002738   Section        0  bsp_eeprom.o(i.I2C_NAck)
    i.I2C_ReadByte                           0x08002770   Section        0  bsp_eeprom.o(i.I2C_ReadByte)
    i.I2C_SendByte                           0x080027c0   Section        0  bsp_eeprom.o(i.I2C_SendByte)
    i.I2C_Start                              0x08002820   Section        0  bsp_eeprom.o(i.I2C_Start)
    i.I2C_Stop                               0x08002864   Section        0  bsp_eeprom.o(i.I2C_Stop)
    i.I2C_WaitAck                            0x08002894   Section        0  bsp_eeprom.o(i.I2C_WaitAck)
    i.Line_1A_WT588S                         0x080028e0   Section        0  speak_hal.o(i.Line_1A_WT588S)
    i.LoRaConfig_Check                       0x08002968   Section        0  sx127x_driver.o(i.LoRaConfig_Check)
    i.MX_ADC_Init                            0x08002a48   Section        0  adc.o(i.MX_ADC_Init)
    i.MX_GPIO_Init                           0x08002ab4   Section        0  gpio.o(i.MX_GPIO_Init)
    i.MX_NVIC_Init                           0x08002be8   Section        0  main.o(i.MX_NVIC_Init)
    MX_NVIC_Init                             0x08002be9   Thumb Code    52  main.o(i.MX_NVIC_Init)
    i.MX_RTC_Init                            0x08002c1c   Section        0  rtc.o(i.MX_RTC_Init)
    i.MX_SPI1_Init                           0x08002c68   Section        0  spi.o(i.MX_SPI1_Init)
    i.MX_USART1_UART_Init                    0x08002cac   Section        0  usart.o(i.MX_USART1_UART_Init)
    i.NMI_Handler                            0x08002ce4   Section        0  stm32l0xx_it.o(i.NMI_Handler)
    i.NVIC_SetPriority                       0x08002cec   Section        0  stm32l0xx_hal_cortex.o(i.NVIC_SetPriority)
    NVIC_SetPriority                         0x08002ced   Thumb Code    60  stm32l0xx_hal_cortex.o(i.NVIC_SetPriority)
    i.PendSV_Handler                         0x08002d30   Section        0  stm32l0xx_it.o(i.PendSV_Handler)
    i.RTC_EnterInitMode                      0x08002d32   Section        0  stm32l0xx_hal_rtc.o(i.RTC_EnterInitMode)
    i.RTC_IRQHandler                         0x08002d6c   Section        0  stm32l0xx_it.o(i.RTC_IRQHandler)
    i.SPI_EndRxTxTransaction                 0x08002d7c   Section        0  stm32l0xx_hal_spi.o(i.SPI_EndRxTxTransaction)
    SPI_EndRxTxTransaction                   0x08002d7d   Thumb Code    66  stm32l0xx_hal_spi.o(i.SPI_EndRxTxTransaction)
    i.SPI_WaitFlagStateUntilTimeout          0x08002dbe   Section        0  stm32l0xx_hal_spi.o(i.SPI_WaitFlagStateUntilTimeout)
    SPI_WaitFlagStateUntilTimeout            0x08002dbf   Thumb Code   140  stm32l0xx_hal_spi.o(i.SPI_WaitFlagStateUntilTimeout)
    i.SVC_Handler                            0x08002e4a   Section        0  stm32l0xx_it.o(i.SVC_Handler)
    i.SX127XWriteRxTx                        0x08002e4c   Section        0  sx127x_driver.o(i.SX127XWriteRxTx)
    i.SX127X_DIO0_GetState                   0x08002e6c   Section        0  sx127x_hal.o(i.SX127X_DIO0_GetState)
    i.SX127X_FreqSet                         0x08002e80   Section        0  sx127x_driver.o(i.SX127X_FreqSet)
    i.SX127X_Lora_init                       0x08002f20   Section        0  sx127x_driver.o(i.SX127X_Lora_init)
    i.SX127X_NSS_OUTPUT                      0x08003020   Section        0  sx127x_hal.o(i.SX127X_NSS_OUTPUT)
    i.SX127X_PoutSet                         0x08003030   Section        0  sx127x_driver.o(i.SX127X_PoutSet)
    i.SX127X_RXE_OUTPUT                      0x0800308c   Section        0  sx127x_hal.o(i.SX127X_RXE_OUTPUT)
    i.SX127X_Read                            0x0800308e   Section        0  sx127x_driver.o(i.SX127X_Read)
    i.SX127X_ReadBuffer                      0x08003098   Section        0  sx127x_hal.o(i.SX127X_ReadBuffer)
    i.SX127X_ReadFifo                        0x080030ca   Section        0  sx127x_driver.o(i.SX127X_ReadFifo)
    i.SX127X_ReadWriteByte                   0x080030d8   Section        0  sx127x_hal.o(i.SX127X_ReadWriteByte)
    i.SX127X_Reset                           0x080030f8   Section        0  sx127x_driver.o(i.SX127X_Reset)
    i.SX127X_RxPacket                        0x08003124   Section        0  sx127x_driver.o(i.SX127X_RxPacket)
    i.SX127X_SleepMode                       0x080031ac   Section        0  sx127x_driver.o(i.SX127X_SleepMode)
    i.SX127X_StandbyMode                     0x080031c0   Section        0  sx127x_driver.o(i.SX127X_StandbyMode)
    i.SX127X_StartRx                         0x080031cc   Section        0  sx127x_driver.o(i.SX127X_StartRx)
    i.SX127X_TXE_OUTPUT                      0x08003224   Section        0  sx127x_hal.o(i.SX127X_TXE_OUTPUT)
    i.SX127X_TxPacket                        0x08003228   Section        0  sx127x_driver.o(i.SX127X_TxPacket)
    i.SX127X_Write                           0x0800328c   Section        0  sx127x_driver.o(i.SX127X_Write)
    i.SX127X_WriteBuffer                     0x08003298   Section        0  sx127x_hal.o(i.SX127X_WriteBuffer)
    i.SysTick_Handler                        0x080032ca   Section        0  stm32l0xx_it.o(i.SysTick_Handler)
    i.SystemClock_Config                     0x080032cc   Section        0  main.o(i.SystemClock_Config)
    i.SystemInit                             0x08003350   Section        0  system_stm32l0xx.o(i.SystemInit)
    i.TIM2_IRQHandler                        0x080033a4   Section        0  stm32l0xx_it.o(i.TIM2_IRQHandler)
    i.TIM_Base_SetConfig                     0x080033b4   Section        0  stm32l0xx_hal_tim.o(i.TIM_Base_SetConfig)
    TIM_Base_SetConfig                       0x080033b5   Thumb Code    78  stm32l0xx_hal_tim.o(i.TIM_Base_SetConfig)
    i.UART_AdvFeatureConfig                  0x0800340c   Section        0  stm32l0xx_hal_uart.o(i.UART_AdvFeatureConfig)
    i.UART_CheckIdleState                    0x080034d8   Section        0  stm32l0xx_hal_uart.o(i.UART_CheckIdleState)
    i.UART_SetConfig                         0x08003538   Section        0  stm32l0xx_hal_uart.o(i.UART_SetConfig)
    i.UART_WaitOnFlagUntilTimeout            0x08003760   Section        0  stm32l0xx_hal_uart.o(i.UART_WaitOnFlagUntilTimeout)
    i.__0printf$8                            0x080037c4   Section        0  printf8.o(i.__0printf$8)
    i.__ARM_clz                              0x080037e4   Section        0  depilogue.o(i.__ARM_clz)
    i.__ARM_common_switch8                   0x08003812   Section        0  main_app.o(i.__ARM_common_switch8)
    i.__scatterload_copy                     0x0800382c   Section       14  handlers.o(i.__scatterload_copy)
    i.__scatterload_null                     0x0800383a   Section        2  handlers.o(i.__scatterload_null)
    i.__scatterload_zeroinit                 0x0800383c   Section       14  handlers.o(i.__scatterload_zeroinit)
    i._printf_core                           0x0800384c   Section        0  printf8.o(i._printf_core)
    _printf_core                             0x0800384d   Thumb Code  1020  printf8.o(i._printf_core)
    i._printf_post_padding                   0x08003c74   Section        0  printf8.o(i._printf_post_padding)
    _printf_post_padding                     0x08003c75   Thumb Code    32  printf8.o(i._printf_post_padding)
    i._printf_pre_padding                    0x08003c94   Section        0  printf8.o(i._printf_pre_padding)
    _printf_pre_padding                      0x08003c95   Thumb Code    44  printf8.o(i._printf_pre_padding)
    i.app_lora_config_init                   0x08003cc0   Section        0  main_app.o(i.app_lora_config_init)
    i.bsp_init_main_key                      0x08003d3c   Section        0  main.o(i.bsp_init_main_key)
    i.check_factory_parameter                0x08003d98   Section        0  main_app.o(i.check_factory_parameter)
    i.check_key_password                     0x08003de0   Section        0  main_app.o(i.check_key_password)
    i.check_rung_state                       0x08003e90   Section        0  main_app.o(i.check_rung_state)
    i.check_vol_task                         0x08003f74   Section        0  main_app.o(i.check_vol_task)
    i.chuchang_lora_process                  0x08003ff4   Section        0  main_app.o(i.chuchang_lora_process)
    i.data_decrypt                           0x0800413c   Section        0  sm4_app.o(i.data_decrypt)
    i.data_encrypt                           0x08004152   Section        0  sm4_app.o(i.data_encrypt)
    i.delay_2us                              0x08004168   Section        0  speak_hal.o(i.delay_2us)
    i.factory_parameter_set                  0x0800418c   Section        0  main_app.o(i.factory_parameter_set)
    i.fangchai_runing                        0x080045b4   Section        0  main_app.o(i.fangchai_runing)
    i.fputc                                  0x0800467c   Section        0  debug_usart_hal.o(i.fputc)
    i.key_password_set                       0x08004698   Section        0  main_app.o(i.key_password_set)
    i.lora_process                           0x08004708   Section        0  main_app.o(i.lora_process)
    i.main                                   0x080048dc   Section        0  main.o(i.main)
    i.pin_pack                               0x08004944   Section        0  main_app.o(i.pin_pack)
    i.rang_runing                            0x08004990   Section        0  main_app.o(i.rang_runing)
    i.scan_key                               0x08004a5c   Section        0  key_hal.o(i.scan_key)
    i.send_fangchai_data                     0x08004a84   Section        0  main_app.o(i.send_fangchai_data)
    i.send_rang_data                         0x08004ad4   Section        0  main_app.o(i.send_rang_data)
    i.sleep_init                             0x08004b20   Section        0  main.o(i.sleep_init)
    i.sleep_open                             0x08004b94   Section        0  main.o(i.sleep_open)
    i.stop_mode_config                       0x08004ba4   Section        0  main.o(i.stop_mode_config)
    i.valve_enter_ed_stop_mode               0x08004cb0   Section        0  main.o(i.valve_enter_ed_stop_mode)
    .constdata                               0x08004cd8   Section       25  system_stm32l0xx.o(.constdata)
    .constdata                               0x08004cf1   Section        8  system_stm32l0xx.o(.constdata)
    .data                                    0x20000000   Section       68  main_app.o(.data)
    lora_com                                 0x2000000d   Data           1  main_app.o(.data)
    key_count                                0x2000000e   Data           1  main_app.o(.data)
    key_value                                0x2000000f   Data           1  main_app.o(.data)
    factory_num                              0x20000010   Data           1  main_app.o(.data)
    .data                                    0x20000044   Section        1  main_app.o(.data)
    .data                                    0x20000045   Section        1  main.o(.data)
    .data                                    0x20000048   Section        4  stm32l0xx_hal.o(.data)
    .data                                    0x2000004c   Section        4  system_stm32l0xx.o(.data)
    .data                                    0x20000050   Section       20  sx127x_driver.o(.data)
    .data                                    0x20000064   Section        3  key_hal.o(.data)
    .data                                    0x20000068   Section       12  adc_bat.o(.data)
    .data                                    0x20000074   Section        4  stdout.o(.data)
    .bss                                     0x20000078   Section      110  main_app.o(.bss)
    .bss                                     0x200000e8   Section       92  adc.o(.bss)
    .bss                                     0x20000144   Section       36  rtc.o(.bss)
    .bss                                     0x20000168   Section       88  spi.o(.bss)
    .bss                                     0x200001c0   Section      128  usart.o(.bss)
    .bss                                     0x20000240   Section       60  stm32l0xx_hal_timebase_tim.o(.bss)
    .bss                                     0x2000027c   Section       16  sx127x_driver.o(.bss)
    .bss                                     0x2000028c   Section       32  sm4_app.o(.bss)
    STACK                                    0x200002b0   Section     4096  startup_stm32l051xx.o(STACK)

    Global Symbols

    Symbol Name                              Value     Ov Type        Size  Object(Section)

    BuildAttributes$$THM_ISAv3M$S$PE$A:L22$X:L11$S22$IEEE1$IW$USESV6$~STKCKD$USESV7$~SHL$OTIME$ROPI$EBA8$MICROLIB$REQ8$PRES8$EABIv2 0x00000000   Number         0  anon$$obj.o ABSOLUTE
    __ARM_use_no_argv                        0x00000000   Number         0  main.o ABSOLUTE
    _printf_a                                0x00000000   Number         0  stubs.o ABSOLUTE
    _printf_c                                0x00000000   Number         0  stubs.o ABSOLUTE
    _printf_charcount                        0x00000000   Number         0  stubs.o ABSOLUTE
    _printf_d                                0x00000000   Number         0  stubs.o ABSOLUTE
    _printf_e                                0x00000000   Number         0  stubs.o ABSOLUTE
    _printf_f                                0x00000000   Number         0  stubs.o ABSOLUTE
    _printf_flags                            0x00000000   Number         0  stubs.o ABSOLUTE
    _printf_fp_dec                           0x00000000   Number         0  stubs.o ABSOLUTE
    _printf_fp_hex                           0x00000000   Number         0  stubs.o ABSOLUTE
    _printf_g                                0x00000000   Number         0  stubs.o ABSOLUTE
    _printf_i                                0x00000000   Number         0  stubs.o ABSOLUTE
    _printf_int_dec                          0x00000000   Number         0  stubs.o ABSOLUTE
    _printf_l                                0x00000000   Number         0  stubs.o ABSOLUTE
    _printf_lc                               0x00000000   Number         0  stubs.o ABSOLUTE
    _printf_ll                               0x00000000   Number         0  stubs.o ABSOLUTE
    _printf_lld                              0x00000000   Number         0  stubs.o ABSOLUTE
    _printf_lli                              0x00000000   Number         0  stubs.o ABSOLUTE
    _printf_llo                              0x00000000   Number         0  stubs.o ABSOLUTE
    _printf_llu                              0x00000000   Number         0  stubs.o ABSOLUTE
    _printf_llx                              0x00000000   Number         0  stubs.o ABSOLUTE
    _printf_longlong_dec                     0x00000000   Number         0  stubs.o ABSOLUTE
    _printf_longlong_hex                     0x00000000   Number         0  stubs.o ABSOLUTE
    _printf_longlong_oct                     0x00000000   Number         0  stubs.o ABSOLUTE
    _printf_ls                               0x00000000   Number         0  stubs.o ABSOLUTE
    _printf_mbtowc                           0x00000000   Number         0  stubs.o ABSOLUTE
    _printf_n                                0x00000000   Number         0  stubs.o ABSOLUTE
    _printf_o                                0x00000000   Number         0  stubs.o ABSOLUTE
    _printf_p                                0x00000000   Number         0  stubs.o ABSOLUTE
    _printf_percent                          0x00000000   Number         0  stubs.o ABSOLUTE
    _printf_pre_padding                      0x00000000   Number         0  stubs.o ABSOLUTE
    _printf_return_value                     0x00000000   Number         0  stubs.o ABSOLUTE
    _printf_s                                0x00000000   Number         0  stubs.o ABSOLUTE
    _printf_sizespec                         0x00000000   Number         0  stubs.o ABSOLUTE
    _printf_str                              0x00000000   Number         0  stubs.o ABSOLUTE
    _printf_truncate_signed                  0x00000000   Number         0  stubs.o ABSOLUTE
    _printf_truncate_unsigned                0x00000000   Number         0  stubs.o ABSOLUTE
    _printf_u                                0x00000000   Number         0  stubs.o ABSOLUTE
    _printf_wc                               0x00000000   Number         0  stubs.o ABSOLUTE
    _printf_wctomb                           0x00000000   Number         0  stubs.o ABSOLUTE
    _printf_widthprec                        0x00000000   Number         0  stubs.o ABSOLUTE
    _printf_x                                0x00000000   Number         0  stubs.o ABSOLUTE
    __cpp_initialize__aeabi_                  - Undefined Weak Reference
    __cxa_finalize                            - Undefined Weak Reference
    __decompress                              - Undefined Weak Reference
    _clock_init                               - Undefined Weak Reference
    _microlib_exit                            - Undefined Weak Reference
    __Vectors_Size                           0x000000c0   Number         0  startup_stm32l051xx.o ABSOLUTE
    __Vectors                                0x08000000   Data           4  startup_stm32l051xx.o(RESET)
    __Vectors_End                            0x080000c0   Data           0  startup_stm32l051xx.o(RESET)
    __main                                   0x080000c1   Thumb Code     0  entry.o(.ARM.Collect$$$$00000000)
    _main_stk                                0x080000c1   Thumb Code     0  entry2.o(.ARM.Collect$$$$00000001)
    _main_scatterload                        0x080000c5   Thumb Code     0  entry5.o(.ARM.Collect$$$$00000004)
    __main_after_scatterload                 0x080000c9   Thumb Code     0  entry5.o(.ARM.Collect$$$$00000004)
    _main_clock                              0x080000c9   Thumb Code     0  entry7b.o(.ARM.Collect$$$$00000008)
    _main_cpp_init                           0x080000c9   Thumb Code     0  entry8b.o(.ARM.Collect$$$$0000000A)
    _main_init                               0x080000c9   Thumb Code     0  entry9a.o(.ARM.Collect$$$$0000000B)
    __rt_final_cpp                           0x080000d1   Thumb Code     0  entry10a.o(.ARM.Collect$$$$0000000D)
    __rt_final_exit                          0x080000d1   Thumb Code     0  entry11a.o(.ARM.Collect$$$$0000000F)
    Reset_Handler                            0x080000d5   Thumb Code     8  startup_stm32l051xx.o(.text)
    DMA1_Channel1_IRQHandler                 0x080000e7   Thumb Code     0  startup_stm32l051xx.o(.text)
    DMA1_Channel2_3_IRQHandler               0x080000e7   Thumb Code     0  startup_stm32l051xx.o(.text)
    DMA1_Channel4_5_6_7_IRQHandler           0x080000e7   Thumb Code     0  startup_stm32l051xx.o(.text)
    EXTI0_1_IRQHandler                       0x080000e7   Thumb Code     0  startup_stm32l051xx.o(.text)
    EXTI2_3_IRQHandler                       0x080000e7   Thumb Code     0  startup_stm32l051xx.o(.text)
    FLASH_IRQHandler                         0x080000e7   Thumb Code     0  startup_stm32l051xx.o(.text)
    I2C1_IRQHandler                          0x080000e7   Thumb Code     0  startup_stm32l051xx.o(.text)
    I2C2_IRQHandler                          0x080000e7   Thumb Code     0  startup_stm32l051xx.o(.text)
    LPTIM1_IRQHandler                        0x080000e7   Thumb Code     0  startup_stm32l051xx.o(.text)
    LPUART1_IRQHandler                       0x080000e7   Thumb Code     0  startup_stm32l051xx.o(.text)
    PVD_IRQHandler                           0x080000e7   Thumb Code     0  startup_stm32l051xx.o(.text)
    RCC_IRQHandler                           0x080000e7   Thumb Code     0  startup_stm32l051xx.o(.text)
    SPI1_IRQHandler                          0x080000e7   Thumb Code     0  startup_stm32l051xx.o(.text)
    SPI2_IRQHandler                          0x080000e7   Thumb Code     0  startup_stm32l051xx.o(.text)
    TIM21_IRQHandler                         0x080000e7   Thumb Code     0  startup_stm32l051xx.o(.text)
    TIM22_IRQHandler                         0x080000e7   Thumb Code     0  startup_stm32l051xx.o(.text)
    TIM6_IRQHandler                          0x080000e7   Thumb Code     0  startup_stm32l051xx.o(.text)
    USART1_IRQHandler                        0x080000e7   Thumb Code     0  startup_stm32l051xx.o(.text)
    USART2_IRQHandler                        0x080000e7   Thumb Code     0  startup_stm32l051xx.o(.text)
    WWDG_IRQHandler                          0x080000e7   Thumb Code     0  startup_stm32l051xx.o(.text)
    __aeabi_uidiv                            0x080000f1   Thumb Code     0  uidiv.o(.text)
    __aeabi_uidivmod                         0x080000f1   Thumb Code    44  uidiv.o(.text)
    __aeabi_uldivmod                         0x0800011d   Thumb Code    96  uldiv.o(.text)
    __aeabi_memset                           0x0800017d   Thumb Code    14  memseta.o(.text)
    __aeabi_memset4                          0x0800017d   Thumb Code     0  memseta.o(.text)
    __aeabi_memset8                          0x0800017d   Thumb Code     0  memseta.o(.text)
    __aeabi_memclr                           0x0800018b   Thumb Code     4  memseta.o(.text)
    __aeabi_memclr4                          0x0800018b   Thumb Code     0  memseta.o(.text)
    __aeabi_memclr8                          0x0800018b   Thumb Code     0  memseta.o(.text)
    _memset$wrapper                          0x0800018f   Thumb Code    18  memseta.o(.text)
    strlen                                   0x080001a1   Thumb Code    14  strlen.o(.text)
    __aeabi_fdiv                             0x080001af   Thumb Code   124  fdiv.o(.text)
    __ARM_scalbnf                            0x0800022b   Thumb Code    24  fscalb.o(.text)
    scalbnf                                  0x0800022b   Thumb Code     0  fscalb.o(.text)
    __aeabi_dadd                             0x08000245   Thumb Code   328  dadd.o(.text)
    __aeabi_dsub                             0x0800038d   Thumb Code    12  dadd.o(.text)
    __aeabi_drsub                            0x08000399   Thumb Code    12  dadd.o(.text)
    __aeabi_dmul                             0x080003a9   Thumb Code   202  dmul.o(.text)
    __aeabi_ddiv                             0x08000479   Thumb Code   234  ddiv.o(.text)
    __aeabi_i2f                              0x08000569   Thumb Code    22  fflti.o(.text)
    __aeabi_ui2f                             0x0800057f   Thumb Code    14  ffltui.o(.text)
    __aeabi_ui2d                             0x0800058d   Thumb Code    24  dfltui.o(.text)
    __aeabi_f2uiz                            0x080005a9   Thumb Code    40  ffixui.o(.text)
    __aeabi_d2uiz                            0x080005d1   Thumb Code    50  dfixui.o(.text)
    __aeabi_f2d                              0x0800060d   Thumb Code    40  f2d.o(.text)
    __aeabi_d2f                              0x08000635   Thumb Code    56  d2f.o(.text)
    __aeabi_llsl                             0x0800066d   Thumb Code    32  llshl.o(.text)
    _ll_shift_l                              0x0800066d   Thumb Code     0  llshl.o(.text)
    __aeabi_llsr                             0x0800068d   Thumb Code    34  llushr.o(.text)
    _ll_ushift_r                             0x0800068d   Thumb Code     0  llushr.o(.text)
    __aeabi_lasr                             0x080006af   Thumb Code    38  llsshr.o(.text)
    _ll_sshift_r                             0x080006af   Thumb Code     0  llsshr.o(.text)
    __I$use$fp                               0x080006d5   Thumb Code     0  iusefp.o(.text)
    _float_round                             0x080006d5   Thumb Code    16  fepilogue.o(.text)
    _float_epilogue                          0x080006e5   Thumb Code   114  fepilogue.o(.text)
    _double_round                            0x08000757   Thumb Code    26  depilogue.o(.text)
    _double_epilogue                         0x08000771   Thumb Code   164  depilogue.o(.text)
    __scatterload                            0x08000815   Thumb Code    28  init.o(.text)
    __scatterload_rt2                        0x08000815   Thumb Code     0  init.o(.text)
    ADC1_COMP_IRQHandler                     0x08000839   Thumb Code    10  stm32l0xx_it.o(i.ADC1_COMP_IRQHandler)
    DIO0_GetState                            0x08000985   Thumb Code     8  sx127x_driver.o(i.DIO0_GetState)
    EEPROM_ReadBytes                         0x0800098d   Thumb Code   108  bsp_eeprom.o(i.EEPROM_ReadBytes)
    EEPROM_WriteBytes                        0x080009f9   Thumb Code   120  bsp_eeprom.o(i.EEPROM_WriteBytes)
    EXTI4_15_IRQHandler                      0x08000a71   Thumb Code    44  stm32l0xx_it.o(i.EXTI4_15_IRQHandler)
    Error_Handler                            0x08000a9d   Thumb Code     2  main.o(i.Error_Handler)
    HAL_ADC_ConfigChannel                    0x08000aa1   Thumb Code   140  stm32l0xx_hal_adc.o(i.HAL_ADC_ConfigChannel)
    HAL_ADC_ConvCpltCallback                 0x08000b35   Thumb Code    76  adc_bat.o(i.HAL_ADC_ConvCpltCallback)
    HAL_ADC_DeInit                           0x08000bad   Thumb Code   164  stm32l0xx_hal_adc.o(i.HAL_ADC_DeInit)
    HAL_ADC_ErrorCallback                    0x08000c61   Thumb Code     2  stm32l0xx_hal_adc.o(i.HAL_ADC_ErrorCallback)
    HAL_ADC_GetValue                         0x08000c63   Thumb Code     6  stm32l0xx_hal_adc.o(i.HAL_ADC_GetValue)
    HAL_ADC_IRQHandler                       0x08000c69   Thumb Code   216  stm32l0xx_hal_adc.o(i.HAL_ADC_IRQHandler)
    HAL_ADC_Init                             0x08000d41   Thumb Code   446  stm32l0xx_hal_adc.o(i.HAL_ADC_Init)
    HAL_ADC_LevelOutOfWindowCallback         0x08000f09   Thumb Code     2  stm32l0xx_hal_adc.o(i.HAL_ADC_LevelOutOfWindowCallback)
    HAL_ADC_MspDeInit                        0x08000f0d   Thumb Code    38  adc.o(i.HAL_ADC_MspDeInit)
    HAL_ADC_MspInit                          0x08000f3d   Thumb Code    70  adc.o(i.HAL_ADC_MspInit)
    HAL_ADC_Start_IT                         0x08000f8d   Thumb Code   120  stm32l0xx_hal_adc.o(i.HAL_ADC_Start_IT)
    HAL_Delay                                0x08001009   Thumb Code    28  stm32l0xx_hal.o(i.HAL_Delay)
    HAL_GPIO_DeInit                          0x08001025   Thumb Code   202  stm32l0xx_hal_gpio.o(i.HAL_GPIO_DeInit)
    HAL_GPIO_EXTI_Callback                   0x08001109   Thumb Code   370  key_hal.o(i.HAL_GPIO_EXTI_Callback)
    HAL_GPIO_EXTI_IRQHandler                 0x080012a5   Thumb Code    18  stm32l0xx_hal_gpio.o(i.HAL_GPIO_EXTI_IRQHandler)
    HAL_GPIO_Init                            0x080012bd   Thumb Code   346  stm32l0xx_hal_gpio.o(i.HAL_GPIO_Init)
    HAL_GPIO_ReadPin                         0x08001435   Thumb Code    10  stm32l0xx_hal_gpio.o(i.HAL_GPIO_ReadPin)
    HAL_GPIO_TogglePin                       0x0800143f   Thumb Code     8  stm32l0xx_hal_gpio.o(i.HAL_GPIO_TogglePin)
    HAL_GPIO_WritePin                        0x08001447   Thumb Code    12  stm32l0xx_hal_gpio.o(i.HAL_GPIO_WritePin)
    HAL_GetTick                              0x08001455   Thumb Code     6  stm32l0xx_hal.o(i.HAL_GetTick)
    HAL_IncTick                              0x08001461   Thumb Code    10  stm32l0xx_hal.o(i.HAL_IncTick)
    HAL_Init                                 0x08001471   Thumb Code    36  stm32l0xx_hal.o(i.HAL_Init)
    HAL_InitTick                             0x08001499   Thumb Code    94  stm32l0xx_hal_timebase_tim.o(i.HAL_InitTick)
    HAL_MspInit                              0x08001509   Thumb Code    20  stm32l0xx_hal_msp.o(i.HAL_MspInit)
    HAL_NVIC_DisableIRQ                      0x08001521   Thumb Code    14  stm32l0xx_hal_cortex.o(i.HAL_NVIC_DisableIRQ)
    HAL_NVIC_EnableIRQ                       0x08001535   Thumb Code    14  stm32l0xx_hal_cortex.o(i.HAL_NVIC_EnableIRQ)
    HAL_NVIC_SetPriority                     0x08001549   Thumb Code     8  stm32l0xx_hal_cortex.o(i.HAL_NVIC_SetPriority)
    HAL_NVIC_SystemReset                     0x08001551   Thumb Code    18  stm32l0xx_hal_cortex.o(i.HAL_NVIC_SystemReset)
    HAL_PWREx_EnableFastWakeUp               0x0800156d   Thumb Code    12  stm32l0xx_hal_pwr_ex.o(i.HAL_PWREx_EnableFastWakeUp)
    HAL_PWREx_EnableUltraLowPower            0x0800157d   Thumb Code    12  stm32l0xx_hal_pwr_ex.o(i.HAL_PWREx_EnableUltraLowPower)
    HAL_PWR_EnterSTOPMode                    0x0800158d   Thumb Code    44  stm32l0xx_hal_pwr.o(i.HAL_PWR_EnterSTOPMode)
    HAL_RCCEx_PeriphCLKConfig                0x080015c1   Thumb Code   342  stm32l0xx_hal_rcc_ex.o(i.HAL_RCCEx_PeriphCLKConfig)
    HAL_RCC_CSSCallback                      0x08001725   Thumb Code     2  stm32l0xx_hal_rcc.o(i.HAL_RCC_CSSCallback)
    HAL_RCC_ClockConfig                      0x08001729   Thumb Code   344  stm32l0xx_hal_rcc.o(i.HAL_RCC_ClockConfig)
    HAL_RCC_EnableCSS                        0x08001895   Thumb Code    14  stm32l0xx_hal_rcc.o(i.HAL_RCC_EnableCSS)
    HAL_RCC_GetClockConfig                   0x080018a9   Thumb Code    54  stm32l0xx_hal_rcc.o(i.HAL_RCC_GetClockConfig)
    HAL_RCC_GetPCLK1Freq                     0x080018e9   Thumb Code    20  stm32l0xx_hal_rcc.o(i.HAL_RCC_GetPCLK1Freq)
    HAL_RCC_GetPCLK2Freq                     0x08001909   Thumb Code    20  stm32l0xx_hal_rcc.o(i.HAL_RCC_GetPCLK2Freq)
    HAL_RCC_GetSysClockFreq                  0x08001929   Thumb Code   100  stm32l0xx_hal_rcc.o(i.HAL_RCC_GetSysClockFreq)
    HAL_RCC_NMI_IRQHandler                   0x080019a1   Thumb Code    20  stm32l0xx_hal_rcc.o(i.HAL_RCC_NMI_IRQHandler)
    HAL_RCC_OscConfig                        0x080019b9   Thumb Code  1052  stm32l0xx_hal_rcc.o(i.HAL_RCC_OscConfig)
    HAL_RTCEx_SetWakeUpTimer_IT              0x08001dd5   Thumb Code   238  stm32l0xx_hal_rtc_ex.o(i.HAL_RTCEx_SetWakeUpTimer_IT)
    HAL_RTCEx_WakeUpTimerEventCallback       0x08001ecd   Thumb Code    26  adc_bat.o(i.HAL_RTCEx_WakeUpTimerEventCallback)
    HAL_RTCEx_WakeUpTimerIRQHandler          0x08001ef1   Thumb Code    48  stm32l0xx_hal_rtc_ex.o(i.HAL_RTCEx_WakeUpTimerIRQHandler)
    HAL_RTC_Init                             0x08001f29   Thumb Code   184  stm32l0xx_hal_rtc.o(i.HAL_RTC_Init)
    HAL_RTC_MspInit                          0x08001fe5   Thumb Code    22  rtc.o(i.HAL_RTC_MspInit)
    HAL_RTC_WaitForSynchro                   0x08002005   Thumb Code    52  stm32l0xx_hal_rtc.o(i.HAL_RTC_WaitForSynchro)
    HAL_SPI_DeInit                           0x08002039   Thumb Code    48  stm32l0xx_hal_spi.o(i.HAL_SPI_DeInit)
    HAL_SPI_Init                             0x08002069   Thumb Code   128  stm32l0xx_hal_spi.o(i.HAL_SPI_Init)
    HAL_SPI_MspDeInit                        0x080020e9   Thumb Code    32  spi.o(i.HAL_SPI_MspDeInit)
    HAL_SPI_MspInit                          0x08002111   Thumb Code    78  spi.o(i.HAL_SPI_MspInit)
    HAL_SPI_TransmitReceive                  0x08002169   Thumb Code   496  stm32l0xx_hal_spi.o(i.HAL_SPI_TransmitReceive)
    HAL_TIM_Base_Init                        0x08002359   Thumb Code    52  stm32l0xx_hal_tim.o(i.HAL_TIM_Base_Init)
    HAL_TIM_Base_MspInit                     0x0800238d   Thumb Code     2  stm32l0xx_hal_tim.o(i.HAL_TIM_Base_MspInit)
    HAL_TIM_Base_Start_IT                    0x0800238f   Thumb Code    32  stm32l0xx_hal_tim.o(i.HAL_TIM_Base_Start_IT)
    HAL_TIM_IC_CaptureCallback               0x080023af   Thumb Code     2  stm32l0xx_hal_tim.o(i.HAL_TIM_IC_CaptureCallback)
    HAL_TIM_IRQHandler                       0x080023b1   Thumb Code   294  stm32l0xx_hal_tim.o(i.HAL_TIM_IRQHandler)
    HAL_TIM_OC_DelayElapsedCallback          0x080024d7   Thumb Code     2  stm32l0xx_hal_tim.o(i.HAL_TIM_OC_DelayElapsedCallback)
    HAL_TIM_PWM_PulseFinishedCallback        0x080024d9   Thumb Code     2  stm32l0xx_hal_tim.o(i.HAL_TIM_PWM_PulseFinishedCallback)
    HAL_TIM_PeriodElapsedCallback            0x080024db   Thumb Code    18  main.o(i.HAL_TIM_PeriodElapsedCallback)
    HAL_TIM_TriggerCallback                  0x080024ed   Thumb Code     2  stm32l0xx_hal_tim.o(i.HAL_TIM_TriggerCallback)
    HAL_UART_DeInit                          0x080024ef   Thumb Code    58  stm32l0xx_hal_uart.o(i.HAL_UART_DeInit)
    HAL_UART_Init                            0x08002529   Thumb Code   106  stm32l0xx_hal_uart.o(i.HAL_UART_Init)
    HAL_UART_MspDeInit                       0x08002595   Thumb Code    32  usart.o(i.HAL_UART_MspDeInit)
    HAL_UART_MspInit                         0x080025c1   Thumb Code    76  usart.o(i.HAL_UART_MspInit)
    HAL_UART_Transmit                        0x08002619   Thumb Code   206  stm32l0xx_hal_uart.o(i.HAL_UART_Transmit)
    HardFault_Handler                        0x080026e7   Thumb Code     2  stm32l0xx_it.o(i.HardFault_Handler)
    I2C_Ack                                  0x080026e9   Thumb Code    64  bsp_eeprom.o(i.I2C_Ack)
    I2C_NAck                                 0x08002739   Thumb Code    50  bsp_eeprom.o(i.I2C_NAck)
    I2C_ReadByte                             0x08002771   Thumb Code    74  bsp_eeprom.o(i.I2C_ReadByte)
    I2C_SendByte                             0x080027c1   Thumb Code    92  bsp_eeprom.o(i.I2C_SendByte)
    I2C_Start                                0x08002821   Thumb Code    62  bsp_eeprom.o(i.I2C_Start)
    I2C_Stop                                 0x08002865   Thumb Code    44  bsp_eeprom.o(i.I2C_Stop)
    I2C_WaitAck                              0x08002895   Thumb Code    72  bsp_eeprom.o(i.I2C_WaitAck)
    Line_1A_WT588S                           0x080028e1   Thumb Code   130  speak_hal.o(i.Line_1A_WT588S)
    LoRaConfig_Check                         0x08002969   Thumb Code   168  sx127x_driver.o(i.LoRaConfig_Check)
    MX_ADC_Init                              0x08002a49   Thumb Code   100  adc.o(i.MX_ADC_Init)
    MX_GPIO_Init                             0x08002ab5   Thumb Code   284  gpio.o(i.MX_GPIO_Init)
    MX_RTC_Init                              0x08002c1d   Thumb Code    60  rtc.o(i.MX_RTC_Init)
    MX_SPI1_Init                             0x08002c69   Thumb Code    58  spi.o(i.MX_SPI1_Init)
    MX_USART1_UART_Init                      0x08002cad   Thumb Code    48  usart.o(i.MX_USART1_UART_Init)
    NMI_Handler                              0x08002ce5   Thumb Code     8  stm32l0xx_it.o(i.NMI_Handler)
    PendSV_Handler                           0x08002d31   Thumb Code     2  stm32l0xx_it.o(i.PendSV_Handler)
    RTC_EnterInitMode                        0x08002d33   Thumb Code    56  stm32l0xx_hal_rtc.o(i.RTC_EnterInitMode)
    RTC_IRQHandler                           0x08002d6d   Thumb Code    10  stm32l0xx_it.o(i.RTC_IRQHandler)
    SVC_Handler                              0x08002e4b   Thumb Code     2  stm32l0xx_it.o(i.SVC_Handler)
    SX127XWriteRxTx                          0x08002e4d   Thumb Code    30  sx127x_driver.o(i.SX127XWriteRxTx)
    SX127X_DIO0_GetState                     0x08002e6d   Thumb Code    14  sx127x_hal.o(i.SX127X_DIO0_GetState)
    SX127X_FreqSet                           0x08002e81   Thumb Code   142  sx127x_driver.o(i.SX127X_FreqSet)
    SX127X_Lora_init                         0x08002f21   Thumb Code   252  sx127x_driver.o(i.SX127X_Lora_init)
    SX127X_NSS_OUTPUT                        0x08003021   Thumb Code    16  sx127x_hal.o(i.SX127X_NSS_OUTPUT)
    SX127X_PoutSet                           0x08003031   Thumb Code    88  sx127x_driver.o(i.SX127X_PoutSet)
    SX127X_RXE_OUTPUT                        0x0800308d   Thumb Code     2  sx127x_hal.o(i.SX127X_RXE_OUTPUT)
    SX127X_Read                              0x0800308f   Thumb Code    10  sx127x_driver.o(i.SX127X_Read)
    SX127X_ReadBuffer                        0x08003099   Thumb Code    50  sx127x_hal.o(i.SX127X_ReadBuffer)
    SX127X_ReadFifo                          0x080030cb   Thumb Code    14  sx127x_driver.o(i.SX127X_ReadFifo)
    SX127X_ReadWriteByte                     0x080030d9   Thumb Code    28  sx127x_hal.o(i.SX127X_ReadWriteByte)
    SX127X_Reset                             0x080030f9   Thumb Code    38  sx127x_driver.o(i.SX127X_Reset)
    SX127X_RxPacket                          0x08003125   Thumb Code   128  sx127x_driver.o(i.SX127X_RxPacket)
    SX127X_SleepMode                         0x080031ad   Thumb Code    20  sx127x_driver.o(i.SX127X_SleepMode)
    SX127X_StandbyMode                       0x080031c1   Thumb Code    12  sx127x_driver.o(i.SX127X_StandbyMode)
    SX127X_StartRx                           0x080031cd   Thumb Code    84  sx127x_driver.o(i.SX127X_StartRx)
    SX127X_TXE_OUTPUT                        0x08003225   Thumb Code     2  sx127x_hal.o(i.SX127X_TXE_OUTPUT)
    SX127X_TxPacket                          0x08003229   Thumb Code    96  sx127x_driver.o(i.SX127X_TxPacket)
    SX127X_Write                             0x0800328d   Thumb Code    12  sx127x_driver.o(i.SX127X_Write)
    SX127X_WriteBuffer                       0x08003299   Thumb Code    50  sx127x_hal.o(i.SX127X_WriteBuffer)
    SysTick_Handler                          0x080032cb   Thumb Code     2  stm32l0xx_it.o(i.SysTick_Handler)
    SystemClock_Config                       0x080032cd   Thumb Code   126  main.o(i.SystemClock_Config)
    SystemInit                               0x08003351   Thumb Code    66  system_stm32l0xx.o(i.SystemInit)
    TIM2_IRQHandler                          0x080033a5   Thumb Code    10  stm32l0xx_it.o(i.TIM2_IRQHandler)
    UART_AdvFeatureConfig                    0x0800340d   Thumb Code   202  stm32l0xx_hal_uart.o(i.UART_AdvFeatureConfig)
    UART_CheckIdleState                      0x080034d9   Thumb Code    90  stm32l0xx_hal_uart.o(i.UART_CheckIdleState)
    UART_SetConfig                           0x08003539   Thumb Code   506  stm32l0xx_hal_uart.o(i.UART_SetConfig)
    UART_WaitOnFlagUntilTimeout              0x08003761   Thumb Code    98  stm32l0xx_hal_uart.o(i.UART_WaitOnFlagUntilTimeout)
    __0printf$8                              0x080037c5   Thumb Code    24  printf8.o(i.__0printf$8)
    __1printf$8                              0x080037c5   Thumb Code     0  printf8.o(i.__0printf$8)
    __2printf                                0x080037c5   Thumb Code     0  printf8.o(i.__0printf$8)
    __ARM_clz                                0x080037e5   Thumb Code    46  depilogue.o(i.__ARM_clz)
    __ARM_common_switch8                     0x08003813   Thumb Code    26  main_app.o(i.__ARM_common_switch8)
    __scatterload_copy                       0x0800382d   Thumb Code    14  handlers.o(i.__scatterload_copy)
    __scatterload_null                       0x0800383b   Thumb Code     2  handlers.o(i.__scatterload_null)
    __scatterload_zeroinit                   0x0800383d   Thumb Code    14  handlers.o(i.__scatterload_zeroinit)
    app_lora_config_init                     0x08003cc1   Thumb Code    82  main_app.o(i.app_lora_config_init)
    bsp_init_main_key                        0x08003d3d   Thumb Code    82  main.o(i.bsp_init_main_key)
    check_factory_parameter                  0x08003d99   Thumb Code    40  main_app.o(i.check_factory_parameter)
    check_key_password                       0x08003de1   Thumb Code   152  main_app.o(i.check_key_password)
    check_rung_state                         0x08003e91   Thumb Code   190  main_app.o(i.check_rung_state)
    check_vol_task                           0x08003f75   Thumb Code    90  main_app.o(i.check_vol_task)
    chuchang_lora_process                    0x08003ff5   Thumb Code   316  main_app.o(i.chuchang_lora_process)
    data_decrypt                             0x0800413d   Thumb Code    22  sm4_app.o(i.data_decrypt)
    data_encrypt                             0x08004153   Thumb Code    22  sm4_app.o(i.data_encrypt)
    delay_2us                                0x08004169   Thumb Code    32  speak_hal.o(i.delay_2us)
    factory_parameter_set                    0x0800418d   Thumb Code   826  main_app.o(i.factory_parameter_set)
    fangchai_runing                          0x080045b5   Thumb Code   138  main_app.o(i.fangchai_runing)
    fputc                                    0x0800467d   Thumb Code    18  debug_usart_hal.o(i.fputc)
    key_password_set                         0x08004699   Thumb Code   106  main_app.o(i.key_password_set)
    lora_process                             0x08004709   Thumb Code   388  main_app.o(i.lora_process)
    main                                     0x080048dd   Thumb Code    86  main.o(i.main)
    pin_pack                                 0x08004945   Thumb Code    68  main_app.o(i.pin_pack)
    rang_runing                              0x08004991   Thumb Code   140  main_app.o(i.rang_runing)
    scan_key                                 0x08004a5d   Thumb Code    36  key_hal.o(i.scan_key)
    send_fangchai_data                       0x08004a85   Thumb Code    50  main_app.o(i.send_fangchai_data)
    send_rang_data                           0x08004ad5   Thumb Code    48  main_app.o(i.send_rang_data)
    sleep_init                               0x08004b21   Thumb Code    92  main.o(i.sleep_init)
    sleep_open                               0x08004b95   Thumb Code    16  main.o(i.sleep_open)
    stop_mode_config                         0x08004ba5   Thumb Code   246  main.o(i.stop_mode_config)
    valve_enter_ed_stop_mode                 0x08004cb1   Thumb Code    32  main.o(i.valve_enter_ed_stop_mode)
    AHBPrescTable                            0x08004cd8   Data          16  system_stm32l0xx.o(.constdata)
    PLLMulTable                              0x08004ce8   Data           9  system_stm32l0xx.o(.constdata)
    APBPrescTable                            0x08004cf1   Data           8  system_stm32l0xx.o(.constdata)
    Region$$Table$$Base                      0x08004cfc   Number         0  anon$$obj.o(Region$$Table)
    Region$$Table$$Limit                     0x08004d1c   Number         0  anon$$obj.o(Region$$Table)
    factory_parameter_flag                   0x20000000   Data           1  main_app.o(.data)
    pack_len                                 0x20000001   Data           1  main_app.o(.data)
    lora_data_state                          0x20000002   Data           1  main_app.o(.data)
    scan_key_flag                            0x20000003   Data           1  main_app.o(.data)
    password_key                             0x20000004   Data           1  main_app.o(.data)
    chuchangsuccee_flag                      0x20000005   Data           1  main_app.o(.data)
    runing_state_flag                        0x20000006   Data           1  main_app.o(.data)
    rang_key_flag                            0x20000007   Data           1  main_app.o(.data)
    fangchai_flag                            0x20000008   Data           1  main_app.o(.data)
    chongfa_flag                             0x20000009   Data           1  main_app.o(.data)
    flag                                     0x2000000a   Data           1  main_app.o(.data)
    rang_state                               0x2000000b   Data           1  main_app.o(.data)
    fagchai_state                            0x2000000c   Data           1  main_app.o(.data)
    communication_states                     0x20000011   Data           1  main_app.o(.data)
    dev_num                                  0x20000012   Data           2  main_app.o(.data)
    chongfa_count                            0x20000014   Data           4  main_app.o(.data)
    Fre                                      0x20000018   Data          24  main_app.o(.data)
    user_password                            0x20000030   Data          10  main_app.o(.data)
    xiaojing_password                        0x2000003a   Data          10  main_app.o(.data)
    sleep_flag                               0x20000044   Data           1  main_app.o(.data)
    password_key_value                       0x20000045   Data           1  main.o(.data)
    uwTick                                   0x20000048   Data           4  stm32l0xx_hal.o(.data)
    SystemCoreClock                          0x2000004c   Data           4  system_stm32l0xx.o(.data)
    G_BandWidthKHz                           0x20000050   Data           4  sx127x_driver.o(.data)
    G_TsXms                                  0x20000054   Data           4  sx127x_driver.o(.data)
    G_LoRaConfig                             0x20000058   Data          12  sx127x_driver.o(.data)
    key_state_value                          0x20000064   Data           1  key_hal.o(.data)
    reset_rang_flag                          0x20000065   Data           1  key_hal.o(.data)
    reset_rang_key                           0x20000066   Data           1  key_hal.o(.data)
    adc_temp                                 0x20000068   Data           1  adc_bat.o(.data)
    vol_conv_flag                            0x20000069   Data           1  adc_bat.o(.data)
    adc_value                                0x2000006c   Data           4  adc_bat.o(.data)
    adc_vol                                  0x20000070   Data           4  adc_bat.o(.data)
    __stdout                                 0x20000074   Data           4  stdout.o(.data)
    TXbuffer                                 0x20000078   Data          50  main_app.o(.bss)
    RXbuffer                                 0x200000aa   Data          50  main_app.o(.bss)
    user_temp_password                       0x200000dc   Data          10  main_app.o(.bss)
    hadc                                     0x200000e8   Data          92  adc.o(.bss)
    hrtc                                     0x20000144   Data          36  rtc.o(.bss)
    hspi1                                    0x20000168   Data          88  spi.o(.bss)
    huart1                                   0x200001c0   Data         128  usart.o(.bss)
    htim2                                    0x20000240   Data          60  stm32l0xx_hal_timebase_tim.o(.bss)
    G_LoRaPara                               0x2000027c   Data          16  sx127x_driver.o(.bss)
    input1                                   0x2000028c   Data          16  sm4_app.o(.bss)
    output1                                  0x2000029c   Data          16  sm4_app.o(.bss)
    __initial_sp                             0x200012b0   Data           0  startup_stm32l051xx.o(STACK)



==============================================================================

Memory Map of the image

  Image Entry point : 0x080000c1

  Load Region LR_IROM1 (Base: 0x08000000, Size: 0x00004d94, Max: 0x00010000, ABSOLUTE)

    Execution Region ER_IROM1 (Exec base: 0x08000000, Load base: 0x08000000, Size: 0x00004d1c, Max: 0x00010000, ABSOLUTE)

    Exec Addr    Load Addr    Size         Type   Attr      Idx    E Section Name        Object

    0x08000000   0x08000000   0x000000c0   Data   RO            3    RESET               startup_stm32l051xx.o
    0x080000c0   0x080000c0   0x00000000   Code   RO         4890  * .ARM.Collect$$$$00000000  mc_p.l(entry.o)
    0x080000c0   0x080000c0   0x00000004   Code   RO         5192    .ARM.Collect$$$$00000001  mc_p.l(entry2.o)
    0x080000c4   0x080000c4   0x00000004   Code   RO         5195    .ARM.Collect$$$$00000004  mc_p.l(entry5.o)
    0x080000c8   0x080000c8   0x00000000   Code   RO         5197    .ARM.Collect$$$$00000008  mc_p.l(entry7b.o)
    0x080000c8   0x080000c8   0x00000000   Code   RO         5199    .ARM.Collect$$$$0000000A  mc_p.l(entry8b.o)
    0x080000c8   0x080000c8   0x00000008   Code   RO         5200    .ARM.Collect$$$$0000000B  mc_p.l(entry9a.o)
    0x080000d0   0x080000d0   0x00000000   Code   RO         5202    .ARM.Collect$$$$0000000D  mc_p.l(entry10a.o)
    0x080000d0   0x080000d0   0x00000000   Code   RO         5204    .ARM.Collect$$$$0000000F  mc_p.l(entry11a.o)
    0x080000d0   0x080000d0   0x00000004   Code   RO         5193    .ARM.Collect$$$$00002712  mc_p.l(entry2.o)
    0x080000d4   0x080000d4   0x0000001c   Code   RO            4    .text               startup_stm32l051xx.o
    0x080000f0   0x080000f0   0x0000002c   Code   RO         4893    .text               mc_p.l(uidiv.o)
    0x0800011c   0x0800011c   0x00000060   Code   RO         4895    .text               mc_p.l(uldiv.o)
    0x0800017c   0x0800017c   0x00000024   Code   RO         4899    .text               mc_p.l(memseta.o)
    0x080001a0   0x080001a0   0x0000000e   Code   RO         4901    .text               mc_p.l(strlen.o)
    0x080001ae   0x080001ae   0x0000007c   Code   RO         5168    .text               mf_p.l(fdiv.o)
    0x0800022a   0x0800022a   0x00000018   Code   RO         5170    .text               mf_p.l(fscalb.o)
    0x08000242   0x08000242   0x00000002   PAD
    0x08000244   0x08000244   0x00000164   Code   RO         5172    .text               mf_p.l(dadd.o)
    0x080003a8   0x080003a8   0x000000d0   Code   RO         5174    .text               mf_p.l(dmul.o)
    0x08000478   0x08000478   0x000000f0   Code   RO         5176    .text               mf_p.l(ddiv.o)
    0x08000568   0x08000568   0x00000016   Code   RO         5178    .text               mf_p.l(fflti.o)
    0x0800057e   0x0800057e   0x0000000e   Code   RO         5180    .text               mf_p.l(ffltui.o)
    0x0800058c   0x0800058c   0x0000001c   Code   RO         5182    .text               mf_p.l(dfltui.o)
    0x080005a8   0x080005a8   0x00000028   Code   RO         5184    .text               mf_p.l(ffixui.o)
    0x080005d0   0x080005d0   0x0000003c   Code   RO         5186    .text               mf_p.l(dfixui.o)
    0x0800060c   0x0800060c   0x00000028   Code   RO         5188    .text               mf_p.l(f2d.o)
    0x08000634   0x08000634   0x00000038   Code   RO         5190    .text               mf_p.l(d2f.o)
    0x0800066c   0x0800066c   0x00000020   Code   RO         5207    .text               mc_p.l(llshl.o)
    0x0800068c   0x0800068c   0x00000022   Code   RO         5209    .text               mc_p.l(llushr.o)
    0x080006ae   0x080006ae   0x00000026   Code   RO         5211    .text               mc_p.l(llsshr.o)
    0x080006d4   0x080006d4   0x00000000   Code   RO         5213    .text               mc_p.l(iusefp.o)
    0x080006d4   0x080006d4   0x00000082   Code   RO         5214    .text               mf_p.l(fepilogue.o)
    0x08000756   0x08000756   0x000000be   Code   RO         5216    .text               mf_p.l(depilogue.o)
    0x08000814   0x08000814   0x00000024   Code   RO         5224    .text               mc_p.l(init.o)
    0x08000838   0x08000838   0x00000010   Code   RO          537    i.ADC1_COMP_IRQHandler  stm32l0xx_it.o
    0x08000848   0x08000848   0x00000052   Code   RO          664    i.ADC_ConversionStop  stm32l0xx_hal_adc.o
    0x0800089a   0x0800089a   0x00000002   PAD
    0x0800089c   0x0800089c   0x00000024   Code   RO          668    i.ADC_DelayMicroSecond  stm32l0xx_hal_adc.o
    0x080008c0   0x080008c0   0x00000060   Code   RO          669    i.ADC_Disable       stm32l0xx_hal_adc.o
    0x08000920   0x08000920   0x00000064   Code   RO          670    i.ADC_Enable        stm32l0xx_hal_adc.o
    0x08000984   0x08000984   0x00000008   Code   RO         4269    i.DIO0_GetState     sx127x_driver.o
    0x0800098c   0x0800098c   0x0000006c   Code   RO         4636    i.EEPROM_ReadBytes  bsp_eeprom.o
    0x080009f8   0x080009f8   0x00000078   Code   RO         4637    i.EEPROM_WriteBytes  bsp_eeprom.o
    0x08000a70   0x08000a70   0x0000002c   Code   RO          538    i.EXTI4_15_IRQHandler  stm32l0xx_it.o
    0x08000a9c   0x08000a9c   0x00000002   Code   RO          268    i.Error_Handler     main.o
    0x08000a9e   0x08000a9e   0x00000002   PAD
    0x08000aa0   0x08000aa0   0x00000094   Code   RO          672    i.HAL_ADC_ConfigChannel  stm32l0xx_hal_adc.o
    0x08000b34   0x08000b34   0x00000078   Code   RO         4767    i.HAL_ADC_ConvCpltCallback  adc_bat.o
    0x08000bac   0x08000bac   0x000000b4   Code   RO          675    i.HAL_ADC_DeInit    stm32l0xx_hal_adc.o
    0x08000c60   0x08000c60   0x00000002   Code   RO          676    i.HAL_ADC_ErrorCallback  stm32l0xx_hal_adc.o
    0x08000c62   0x08000c62   0x00000006   Code   RO          679    i.HAL_ADC_GetValue  stm32l0xx_hal_adc.o
    0x08000c68   0x08000c68   0x000000d8   Code   RO          680    i.HAL_ADC_IRQHandler  stm32l0xx_hal_adc.o
    0x08000d40   0x08000d40   0x000001c8   Code   RO          681    i.HAL_ADC_Init      stm32l0xx_hal_adc.o
    0x08000f08   0x08000f08   0x00000002   Code   RO          682    i.HAL_ADC_LevelOutOfWindowCallback  stm32l0xx_hal_adc.o
    0x08000f0a   0x08000f0a   0x00000002   PAD
    0x08000f0c   0x08000f0c   0x00000030   Code   RO          385    i.HAL_ADC_MspDeInit  adc.o
    0x08000f3c   0x08000f3c   0x00000050   Code   RO          386    i.HAL_ADC_MspInit   adc.o
    0x08000f8c   0x08000f8c   0x0000007c   Code   RO          689    i.HAL_ADC_Start_IT  stm32l0xx_hal_adc.o
    0x08001008   0x08001008   0x0000001c   Code   RO          910    i.HAL_Delay         stm32l0xx_hal.o
    0x08001024   0x08001024   0x000000e4   Code   RO         2001    i.HAL_GPIO_DeInit   stm32l0xx_hal_gpio.o
    0x08001108   0x08001108   0x0000019c   Code   RO         4579    i.HAL_GPIO_EXTI_Callback  key_hal.o
    0x080012a4   0x080012a4   0x00000018   Code   RO         2003    i.HAL_GPIO_EXTI_IRQHandler  stm32l0xx_hal_gpio.o
    0x080012bc   0x080012bc   0x00000178   Code   RO         2004    i.HAL_GPIO_Init     stm32l0xx_hal_gpio.o
    0x08001434   0x08001434   0x0000000a   Code   RO         2006    i.HAL_GPIO_ReadPin  stm32l0xx_hal_gpio.o
    0x0800143e   0x0800143e   0x00000008   Code   RO         2007    i.HAL_GPIO_TogglePin  stm32l0xx_hal_gpio.o
    0x08001446   0x08001446   0x0000000c   Code   RO         2008    i.HAL_GPIO_WritePin  stm32l0xx_hal_gpio.o
    0x08001452   0x08001452   0x00000002   PAD
    0x08001454   0x08001454   0x0000000c   Code   RO          914    i.HAL_GetTick       stm32l0xx_hal.o
    0x08001460   0x08001460   0x00000010   Code   RO          918    i.HAL_IncTick       stm32l0xx_hal.o
    0x08001470   0x08001470   0x00000028   Code   RO          919    i.HAL_Init          stm32l0xx_hal.o
    0x08001498   0x08001498   0x00000070   Code   RO          629    i.HAL_InitTick      stm32l0xx_hal_timebase_tim.o
    0x08001508   0x08001508   0x00000018   Code   RO          609    i.HAL_MspInit       stm32l0xx_hal_msp.o
    0x08001520   0x08001520   0x00000014   Code   RO         2330    i.HAL_NVIC_DisableIRQ  stm32l0xx_hal_cortex.o
    0x08001534   0x08001534   0x00000014   Code   RO         2331    i.HAL_NVIC_EnableIRQ  stm32l0xx_hal_cortex.o
    0x08001548   0x08001548   0x00000008   Code   RO         2335    i.HAL_NVIC_SetPriority  stm32l0xx_hal_cortex.o
    0x08001550   0x08001550   0x0000001c   Code   RO         2336    i.HAL_NVIC_SystemReset  stm32l0xx_hal_cortex.o
    0x0800156c   0x0800156c   0x00000010   Code   RO         2273    i.HAL_PWREx_EnableFastWakeUp  stm32l0xx_hal_pwr_ex.o
    0x0800157c   0x0800157c   0x00000010   Code   RO         2275    i.HAL_PWREx_EnableUltraLowPower  stm32l0xx_hal_pwr_ex.o
    0x0800158c   0x0800158c   0x00000034   Code   RO         2168    i.HAL_PWR_EnterSTOPMode  stm32l0xx_hal_pwr.o
    0x080015c0   0x080015c0   0x00000164   Code   RO         1691    i.HAL_RCCEx_PeriphCLKConfig  stm32l0xx_hal_rcc_ex.o
    0x08001724   0x08001724   0x00000002   Code   RO         1592    i.HAL_RCC_CSSCallback  stm32l0xx_hal_rcc.o
    0x08001726   0x08001726   0x00000002   PAD
    0x08001728   0x08001728   0x0000016c   Code   RO         1593    i.HAL_RCC_ClockConfig  stm32l0xx_hal_rcc.o
    0x08001894   0x08001894   0x00000014   Code   RO         1595    i.HAL_RCC_EnableCSS  stm32l0xx_hal_rcc.o
    0x080018a8   0x080018a8   0x00000040   Code   RO         1596    i.HAL_RCC_GetClockConfig  stm32l0xx_hal_rcc.o
    0x080018e8   0x080018e8   0x00000020   Code   RO         1599    i.HAL_RCC_GetPCLK1Freq  stm32l0xx_hal_rcc.o
    0x08001908   0x08001908   0x00000020   Code   RO         1600    i.HAL_RCC_GetPCLK2Freq  stm32l0xx_hal_rcc.o
    0x08001928   0x08001928   0x00000078   Code   RO         1601    i.HAL_RCC_GetSysClockFreq  stm32l0xx_hal_rcc.o
    0x080019a0   0x080019a0   0x00000018   Code   RO         1603    i.HAL_RCC_NMI_IRQHandler  stm32l0xx_hal_rcc.o
    0x080019b8   0x080019b8   0x0000041c   Code   RO         1604    i.HAL_RCC_OscConfig  stm32l0xx_hal_rcc.o
    0x08001dd4   0x08001dd4   0x000000f8   Code   RO         2597    i.HAL_RTCEx_SetWakeUpTimer_IT  stm32l0xx_hal_rtc_ex.o
    0x08001ecc   0x08001ecc   0x00000024   Code   RO         4768    i.HAL_RTCEx_WakeUpTimerEventCallback  adc_bat.o
    0x08001ef0   0x08001ef0   0x00000038   Code   RO         2603    i.HAL_RTCEx_WakeUpTimerIRQHandler  stm32l0xx_hal_rtc_ex.o
    0x08001f28   0x08001f28   0x000000bc   Code   RO         2446    i.HAL_RTC_Init      stm32l0xx_hal_rtc.o
    0x08001fe4   0x08001fe4   0x00000020   Code   RO          424    i.HAL_RTC_MspInit   rtc.o
    0x08002004   0x08002004   0x00000034   Code   RO         2454    i.HAL_RTC_WaitForSynchro  stm32l0xx_hal_rtc.o
    0x08002038   0x08002038   0x00000030   Code   RO         2789    i.HAL_SPI_DeInit    stm32l0xx_hal_spi.o
    0x08002068   0x08002068   0x00000080   Code   RO         2794    i.HAL_SPI_Init      stm32l0xx_hal_spi.o
    0x080020e8   0x080020e8   0x00000028   Code   RO          461    i.HAL_SPI_MspDeInit  spi.o
    0x08002110   0x08002110   0x00000058   Code   RO          462    i.HAL_SPI_MspInit   spi.o
    0x08002168   0x08002168   0x000001f0   Code   RO         2803    i.HAL_SPI_TransmitReceive  stm32l0xx_hal_spi.o
    0x08002358   0x08002358   0x00000034   Code   RO         3103    i.HAL_TIM_Base_Init  stm32l0xx_hal_tim.o
    0x0800238c   0x0800238c   0x00000002   Code   RO         3105    i.HAL_TIM_Base_MspInit  stm32l0xx_hal_tim.o
    0x0800238e   0x0800238e   0x00000020   Code   RO         3108    i.HAL_TIM_Base_Start_IT  stm32l0xx_hal_tim.o
    0x080023ae   0x080023ae   0x00000002   Code   RO         3132    i.HAL_TIM_IC_CaptureCallback  stm32l0xx_hal_tim.o
    0x080023b0   0x080023b0   0x00000126   Code   RO         3146    i.HAL_TIM_IRQHandler  stm32l0xx_hal_tim.o
    0x080024d6   0x080024d6   0x00000002   Code   RO         3149    i.HAL_TIM_OC_DelayElapsedCallback  stm32l0xx_hal_tim.o
    0x080024d8   0x080024d8   0x00000002   Code   RO         3176    i.HAL_TIM_PWM_PulseFinishedCallback  stm32l0xx_hal_tim.o
    0x080024da   0x080024da   0x00000012   Code   RO          269    i.HAL_TIM_PeriodElapsedCallback  main.o
    0x080024ec   0x080024ec   0x00000002   Code   RO         3189    i.HAL_TIM_TriggerCallback  stm32l0xx_hal_tim.o
    0x080024ee   0x080024ee   0x0000003a   Code   RO         3817    i.HAL_UART_DeInit   stm32l0xx_hal_uart.o
    0x08002528   0x08002528   0x0000006a   Code   RO         3822    i.HAL_UART_Init     stm32l0xx_hal_uart.o
    0x08002592   0x08002592   0x00000002   PAD
    0x08002594   0x08002594   0x0000002c   Code   RO          499    i.HAL_UART_MspDeInit  usart.o
    0x080025c0   0x080025c0   0x00000058   Code   RO          500    i.HAL_UART_MspInit  usart.o
    0x08002618   0x08002618   0x000000ce   Code   RO         3830    i.HAL_UART_Transmit  stm32l0xx_hal_uart.o
    0x080026e6   0x080026e6   0x00000002   Code   RO          539    i.HardFault_Handler  stm32l0xx_it.o
    0x080026e8   0x080026e8   0x00000044   Code   RO         4638    i.I2C_Ack           bsp_eeprom.o
    0x0800272c   0x0800272c   0x0000000c   Code   RO         4640    i.I2C_Delay         bsp_eeprom.o
    0x08002738   0x08002738   0x00000038   Code   RO         4641    i.I2C_NAck          bsp_eeprom.o
    0x08002770   0x08002770   0x00000050   Code   RO         4642    i.I2C_ReadByte      bsp_eeprom.o
    0x080027c0   0x080027c0   0x00000060   Code   RO         4643    i.I2C_SendByte      bsp_eeprom.o
    0x08002820   0x08002820   0x00000044   Code   RO         4644    i.I2C_Start         bsp_eeprom.o
    0x08002864   0x08002864   0x00000030   Code   RO         4645    i.I2C_Stop          bsp_eeprom.o
    0x08002894   0x08002894   0x0000004c   Code   RO         4646    i.I2C_WaitAck       bsp_eeprom.o
    0x080028e0   0x080028e0   0x00000088   Code   RO         4722    i.Line_1A_WT588S    speak_hal.o
    0x08002968   0x08002968   0x000000e0   Code   RO         4277    i.LoRaConfig_Check  sx127x_driver.o
    0x08002a48   0x08002a48   0x0000006c   Code   RO          387    i.MX_ADC_Init       adc.o
    0x08002ab4   0x08002ab4   0x00000134   Code   RO          365    i.MX_GPIO_Init      gpio.o
    0x08002be8   0x08002be8   0x00000034   Code   RO          270    i.MX_NVIC_Init      main.o
    0x08002c1c   0x08002c1c   0x0000004c   Code   RO          425    i.MX_RTC_Init       rtc.o
    0x08002c68   0x08002c68   0x00000044   Code   RO          463    i.MX_SPI1_Init      spi.o
    0x08002cac   0x08002cac   0x00000038   Code   RO          501    i.MX_USART1_UART_Init  usart.o
    0x08002ce4   0x08002ce4   0x00000008   Code   RO          540    i.NMI_Handler       stm32l0xx_it.o
    0x08002cec   0x08002cec   0x00000044   Code   RO         2341    i.NVIC_SetPriority  stm32l0xx_hal_cortex.o
    0x08002d30   0x08002d30   0x00000002   Code   RO          541    i.PendSV_Handler    stm32l0xx_it.o
    0x08002d32   0x08002d32   0x00000038   Code   RO         2457    i.RTC_EnterInitMode  stm32l0xx_hal_rtc.o
    0x08002d6a   0x08002d6a   0x00000002   PAD
    0x08002d6c   0x08002d6c   0x00000010   Code   RO          542    i.RTC_IRQHandler    stm32l0xx_it.o
    0x08002d7c   0x08002d7c   0x00000042   Code   RO         2832    i.SPI_EndRxTxTransaction  stm32l0xx_hal_spi.o
    0x08002dbe   0x08002dbe   0x0000008c   Code   RO         2837    i.SPI_WaitFlagStateUntilTimeout  stm32l0xx_hal_spi.o
    0x08002e4a   0x08002e4a   0x00000002   Code   RO          543    i.SVC_Handler       stm32l0xx_it.o
    0x08002e4c   0x08002e4c   0x0000001e   Code   RO         4278    i.SX127XWriteRxTx   sx127x_driver.o
    0x08002e6a   0x08002e6a   0x00000002   PAD
    0x08002e6c   0x08002e6c   0x00000014   Code   RO         4483    i.SX127X_DIO0_GetState  sx127x_hal.o
    0x08002e80   0x08002e80   0x000000a0   Code   RO         4283    i.SX127X_FreqSet    sx127x_driver.o
    0x08002f20   0x08002f20   0x00000100   Code   RO         4285    i.SX127X_Lora_init  sx127x_driver.o
    0x08003020   0x08003020   0x00000010   Code   RO         4489    i.SX127X_NSS_OUTPUT  sx127x_hal.o
    0x08003030   0x08003030   0x0000005c   Code   RO         4286    i.SX127X_PoutSet    sx127x_driver.o
    0x0800308c   0x0800308c   0x00000002   Code   RO         4491    i.SX127X_RXE_OUTPUT  sx127x_hal.o
    0x0800308e   0x0800308e   0x0000000a   Code   RO         4287    i.SX127X_Read       sx127x_driver.o
    0x08003098   0x08003098   0x00000032   Code   RO         4492    i.SX127X_ReadBuffer  sx127x_hal.o
    0x080030ca   0x080030ca   0x0000000e   Code   RO         4288    i.SX127X_ReadFifo   sx127x_driver.o
    0x080030d8   0x080030d8   0x00000020   Code   RO         4493    i.SX127X_ReadWriteByte  sx127x_hal.o
    0x080030f8   0x080030f8   0x0000002c   Code   RO         4289    i.SX127X_Reset      sx127x_driver.o
    0x08003124   0x08003124   0x00000088   Code   RO         4290    i.SX127X_RxPacket   sx127x_driver.o
    0x080031ac   0x080031ac   0x00000014   Code   RO         4291    i.SX127X_SleepMode  sx127x_driver.o
    0x080031c0   0x080031c0   0x0000000c   Code   RO         4292    i.SX127X_StandbyMode  sx127x_driver.o
    0x080031cc   0x080031cc   0x00000058   Code   RO         4293    i.SX127X_StartRx    sx127x_driver.o
    0x08003224   0x08003224   0x00000002   Code   RO         4494    i.SX127X_TXE_OUTPUT  sx127x_hal.o
    0x08003226   0x08003226   0x00000002   PAD
    0x08003228   0x08003228   0x00000064   Code   RO         4294    i.SX127X_TxPacket   sx127x_driver.o
    0x0800328c   0x0800328c   0x0000000c   Code   RO         4298    i.SX127X_Write      sx127x_driver.o
    0x08003298   0x08003298   0x00000032   Code   RO         4495    i.SX127X_WriteBuffer  sx127x_hal.o
    0x080032ca   0x080032ca   0x00000002   Code   RO          544    i.SysTick_Handler   stm32l0xx_it.o
    0x080032cc   0x080032cc   0x00000084   Code   RO          271    i.SystemClock_Config  main.o
    0x08003350   0x08003350   0x00000054   Code   RO         4211    i.SystemInit        system_stm32l0xx.o
    0x080033a4   0x080033a4   0x00000010   Code   RO          545    i.TIM2_IRQHandler   stm32l0xx_it.o
    0x080033b4   0x080033b4   0x00000058   Code   RO         3191    i.TIM_Base_SetConfig  stm32l0xx_hal_tim.o
    0x0800340c   0x0800340c   0x000000ca   Code   RO         3835    i.UART_AdvFeatureConfig  stm32l0xx_hal_uart.o
    0x080034d6   0x080034d6   0x00000002   PAD
    0x080034d8   0x080034d8   0x00000060   Code   RO         3836    i.UART_CheckIdleState  stm32l0xx_hal_uart.o
    0x08003538   0x08003538   0x00000228   Code   RO         3851    i.UART_SetConfig    stm32l0xx_hal_uart.o
    0x08003760   0x08003760   0x00000062   Code   RO         3854    i.UART_WaitOnFlagUntilTimeout  stm32l0xx_hal_uart.o
    0x080037c2   0x080037c2   0x00000002   PAD
    0x080037c4   0x080037c4   0x00000020   Code   RO         5112    i.__0printf$8       mc_p.l(printf8.o)
    0x080037e4   0x080037e4   0x0000002e   Code   RO         5218    i.__ARM_clz         mf_p.l(depilogue.o)
    0x08003812   0x08003812   0x0000001a   Code   RO          117    i.__ARM_common_switch8  main_app.o
    0x0800382c   0x0800382c   0x0000000e   Code   RO         5228    i.__scatterload_copy  mc_p.l(handlers.o)
    0x0800383a   0x0800383a   0x00000002   Code   RO         5229    i.__scatterload_null  mc_p.l(handlers.o)
    0x0800383c   0x0800383c   0x0000000e   Code   RO         5230    i.__scatterload_zeroinit  mc_p.l(handlers.o)
    0x0800384a   0x0800384a   0x00000002   PAD
    0x0800384c   0x0800384c   0x00000428   Code   RO         5119    i._printf_core      mc_p.l(printf8.o)
    0x08003c74   0x08003c74   0x00000020   Code   RO         5120    i._printf_post_padding  mc_p.l(printf8.o)
    0x08003c94   0x08003c94   0x0000002c   Code   RO         5121    i._printf_pre_padding  mc_p.l(printf8.o)
    0x08003cc0   0x08003cc0   0x0000007c   Code   RO           12    i.app_lora_config_init  main_app.o
    0x08003d3c   0x08003d3c   0x0000005c   Code   RO          272    i.bsp_init_main_key  main.o
    0x08003d98   0x08003d98   0x00000048   Code   RO           13    i.check_factory_parameter  main_app.o
    0x08003de0   0x08003de0   0x000000b0   Code   RO           14    i.check_key_password  main_app.o
    0x08003e90   0x08003e90   0x000000e4   Code   RO           15    i.check_rung_state  main_app.o
    0x08003f74   0x08003f74   0x00000080   Code   RO           16    i.check_vol_task    main_app.o
    0x08003ff4   0x08003ff4   0x00000148   Code   RO           17    i.chuchang_lora_process  main_app.o
    0x0800413c   0x0800413c   0x00000016   Code   RO         4862    i.data_decrypt      sm4_app.o
    0x08004152   0x08004152   0x00000016   Code   RO         4863    i.data_encrypt      sm4_app.o
    0x08004168   0x08004168   0x00000024   Code   RO         4723    i.delay_2us         speak_hal.o
    0x0800418c   0x0800418c   0x00000428   Code   RO           18    i.factory_parameter_set  main_app.o
    0x080045b4   0x080045b4   0x000000c8   Code   RO           19    i.fangchai_runing   main_app.o
    0x0800467c   0x0800467c   0x0000001c   Code   RO         4244    i.fputc             debug_usart_hal.o
    0x08004698   0x08004698   0x00000070   Code   RO           20    i.key_password_set  main_app.o
    0x08004708   0x08004708   0x000001d4   Code   RO           21    i.lora_process      main_app.o
    0x080048dc   0x080048dc   0x00000068   Code   RO          273    i.main              main.o
    0x08004944   0x08004944   0x0000004c   Code   RO           22    i.pin_pack          main_app.o
    0x08004990   0x08004990   0x000000cc   Code   RO           23    i.rang_runing       main_app.o
    0x08004a5c   0x08004a5c   0x00000028   Code   RO         4584    i.scan_key          key_hal.o
    0x08004a84   0x08004a84   0x00000050   Code   RO           24    i.send_fangchai_data  main_app.o
    0x08004ad4   0x08004ad4   0x0000004c   Code   RO           25    i.send_rang_data    main_app.o
    0x08004b20   0x08004b20   0x00000074   Code   RO          274    i.sleep_init        main.o
    0x08004b94   0x08004b94   0x00000010   Code   RO          275    i.sleep_open        main.o
    0x08004ba4   0x08004ba4   0x0000010c   Code   RO          276    i.stop_mode_config  main.o
    0x08004cb0   0x08004cb0   0x00000028   Code   RO          277    i.valve_enter_ed_stop_mode  main.o
    0x08004cd8   0x08004cd8   0x00000019   Data   RO         4212    .constdata          system_stm32l0xx.o
    0x08004cf1   0x08004cf1   0x00000008   Data   RO         4213    .constdata          system_stm32l0xx.o
    0x08004cf9   0x08004cf9   0x00000003   PAD
    0x08004cfc   0x08004cfc   0x00000020   Data   RO         5226    Region$$Table       anon$$obj.o


    Execution Region RW_IRAM1 (Exec base: 0x20000000, Load base: 0x08004d1c, Size: 0x000012b0, Max: 0x00002000, ABSOLUTE)

    Exec Addr    Load Addr    Size         Type   Attr      Idx    E Section Name        Object

    0x20000000   0x08004d1c   0x00000044   Data   RW           28    .data               main_app.o
    0x20000044   0x08004d60   0x00000001   Data   RW           31    .data               main_app.o
    0x20000045   0x08004d61   0x00000001   Data   RW          279    .data               main.o
    0x20000046   0x08004d62   0x00000002   PAD
    0x20000048   0x08004d64   0x00000004   Data   RW          929    .data               stm32l0xx_hal.o
    0x2000004c   0x08004d68   0x00000004   Data   RW         4214    .data               system_stm32l0xx.o
    0x20000050   0x08004d6c   0x00000014   Data   RW         4303    .data               sx127x_driver.o
    0x20000064   0x08004d80   0x00000003   Data   RW         4585    .data               key_hal.o
    0x20000067   0x08004d83   0x00000001   PAD
    0x20000068   0x08004d84   0x0000000c   Data   RW         4770    .data               adc_bat.o
    0x20000074   0x08004d90   0x00000004   Data   RW         5206    .data               mc_p.l(stdout.o)
    0x20000078        -       0x0000006e   Zero   RW           27    .bss                main_app.o
    0x200000e6   0x08004d94   0x00000002   PAD
    0x200000e8        -       0x0000005c   Zero   RW          388    .bss                adc.o
    0x20000144        -       0x00000024   Zero   RW          426    .bss                rtc.o
    0x20000168        -       0x00000058   Zero   RW          464    .bss                spi.o
    0x200001c0        -       0x00000080   Zero   RW          502    .bss                usart.o
    0x20000240        -       0x0000003c   Zero   RW          632    .bss                stm32l0xx_hal_timebase_tim.o
    0x2000027c        -       0x00000010   Zero   RW         4301    .bss                sx127x_driver.o
    0x2000028c        -       0x00000020   Zero   RW         4865    .bss                sm4_app.o
    0x200002ac   0x08004d94   0x00000004   PAD
    0x200002b0        -       0x00001000   Zero   RW            1    STACK               startup_stm32l051xx.o


==============================================================================

Image component sizes


      Code (inc. data)   RO Data    RW Data    ZI Data      Debug   Object Name

       236         28          0          0         92       2167   adc.o
       156         54          0         12          0       1919   adc_bat.o
       732         34          0          0          0       6271   bsp_eeprom.o
        28         10          0          0          0        488   debug_usart_hal.o
       308         24          0          0          0       1035   gpio.o
       452         46          0          3          0       1845   key_hal.o
       840         88          0          1          0       6330   main.o
      3362        724          0         69        110     373244   main_app.o
       108         26          0          0         36       1443   rtc.o
         0          0          0          0          0        372   sm4.o
        44          0          0          0         32       2013   sm4_app.o
       172         10          0          0          0       1185   speak_hal.o
       196         28          0          0         88       2129   spi.o
        28          8        192          0       4096        648   startup_stm32l051xx.o
        96         16          0          4          0       3224   stm32l0xx_hal.o
      1448         50          0          0          0       9234   stm32l0xx_hal_adc.o
       144         30          0          0          0      11165   stm32l0xx_hal_cortex.o
       658         62          0          0          0       5113   stm32l0xx_hal_gpio.o
        24          4          0          0          0        446   stm32l0xx_hal_msp.o
        52          8          0          0          0        644   stm32l0xx_hal_pwr.o
        32          8          0          0          0       1069   stm32l0xx_hal_pwr_ex.o
      1710        110          0          0          0       7844   stm32l0xx_hal_rcc.o
       356         14          0          0          0       1476   stm32l0xx_hal_rcc_ex.o
       296          4          0          0          0       2860   stm32l0xx_hal_rtc.o
       304         18          0          0          0       2616   stm32l0xx_hal_rtc_ex.o
       878          0          0          0          0       5490   stm32l0xx_hal_spi.o
       476         10          0          0          0       6697   stm32l0xx_hal_tim.o
       112         18          0          0         60       1027   stm32l0xx_hal_timebase_tim.o
      1318         76          0          0          0       7259   stm32l0xx_hal_uart.o
       108         18          0          0          0       4059   stm32l0xx_it.o
      1206        116          0         20         16      25628   sx127x_driver.o
       172         10          0          0          0       4271   sx127x_hal.o
        84         18         33          4          0       1259   system_stm32l0xx.o
       188         32          0          0        128       2147   usart.o

    ----------------------------------------------------------------------
     16346       1702        260        116       4664     504617   Object Totals
         0          0         32          0          0          0   (incl. Generated)
        22          0          3          3          6          0   (incl. Padding)

    ----------------------------------------------------------------------

      Code (inc. data)   RO Data    RW Data    ZI Data      Debug   Library Member Name

         0          0          0          0          0          0   entry.o
         0          0          0          0          0          0   entry10a.o
         0          0          0          0          0          0   entry11a.o
         8          4          0          0          0          0   entry2.o
         4          0          0          0          0          0   entry5.o
         0          0          0          0          0          0   entry7b.o
         0          0          0          0          0          0   entry8b.o
         8          4          0          0          0          0   entry9a.o
        30          0          0          0          0          0   handlers.o
        36          8          0          0          0         68   init.o
         0          0          0          0          0          0   iusefp.o
        32          0          0          0          0         68   llshl.o
        38          0          0          0          0         68   llsshr.o
        34          0          0          0          0         68   llushr.o
        36          0          0          0          0        100   memseta.o
      1172         52          0          0          0        324   printf8.o
         0          0          0          4          0          0   stdout.o
        14          0          0          0          0         60   strlen.o
        44          0          0          0          0         72   uidiv.o
        96          0          0          0          0         84   uldiv.o
        56          0          0          0          0         68   d2f.o
       356          4          0          0          0        140   dadd.o
       240          6          0          0          0         84   ddiv.o
       236          0          0          0          0        216   depilogue.o
        60         10          0          0          0         68   dfixui.o
        28          4          0          0          0         68   dfltui.o
       208          6          0          0          0         88   dmul.o
        40          0          0          0          0         60   f2d.o
       124          0          0          0          0         72   fdiv.o
       130          0          0          0          0        144   fepilogue.o
        40          0          0          0          0         60   ffixui.o
        22          0          0          0          0         68   fflti.o
        14          0          0          0          0         68   ffltui.o
        24          0          0          0          0         60   fscalb.o

    ----------------------------------------------------------------------
      3134         98          0          4          0       2176   Library Totals
         4          0          0          0          0          0   (incl. Padding)

    ----------------------------------------------------------------------

      Code (inc. data)   RO Data    RW Data    ZI Data      Debug   Library Name

      1552         68          0          4          0        912   mc_p.l
      1578         30          0          0          0       1264   mf_p.l

    ----------------------------------------------------------------------
      3134         98          0          4          0       2176   Library Totals

    ----------------------------------------------------------------------

==============================================================================


      Code (inc. data)   RO Data    RW Data    ZI Data      Debug   

     19480       1800        260        120       4664     499113   Grand Totals
     19480       1800        260        120       4664     499113   ELF Image Totals
     19480       1800        260        120          0          0   ROM Totals

==============================================================================

    Total RO  Size (Code + RO Data)                19740 (  19.28kB)
    Total RW  Size (RW Data + ZI Data)              4784 (   4.67kB)
    Total ROM Size (Code + RO Data + RW Data)      19860 (  19.39kB)

==============================================================================

